Archive member included to satisfy reference by file (symbol)

D:/Renesas/RA/e2studio_v2025-12_fsp_v6.4.0/toolchains/gcc_arm/13.2.rel1/bin/../lib/gcc/arm-none-eabi/13.2.1/thumb/v8-m.main+fp/hard\libgcc.a(_aeabi_ldivmod.o)
                              ./ra/fsp/src/r_sci_uart/r_sci_uart.o (__aeabi_ldivmod)
D:/Renesas/RA/e2studio_v2025-12_fsp_v6.4.0/toolchains/gcc_arm/13.2.rel1/bin/../lib/gcc/arm-none-eabi/13.2.1/thumb/v8-m.main+fp/hard\libgcc.a(_udivmoddi4.o)
                              D:/Renesas/RA/e2studio_v2025-12_fsp_v6.4.0/toolchains/gcc_arm/13.2.rel1/bin/../lib/gcc/arm-none-eabi/13.2.1/thumb/v8-m.main+fp/hard\libgcc.a(_aeabi_ldivmod.o) (__udivmoddi4)
D:/Renesas/RA/e2studio_v2025-12_fsp_v6.4.0/toolchains/gcc_arm/13.2.rel1/bin/../lib/gcc/arm-none-eabi/13.2.1/thumb/v8-m.main+fp/hard\libgcc.a(_dvmd_tls.o)
                              D:/Renesas/RA/e2studio_v2025-12_fsp_v6.4.0/toolchains/gcc_arm/13.2.rel1/bin/../lib/gcc/arm-none-eabi/13.2.1/thumb/v8-m.main+fp/hard\libgcc.a(_aeabi_ldivmod.o) (__aeabi_ldiv0)
D:/Renesas/RA/e2studio_v2025-12_fsp_v6.4.0/toolchains/gcc_arm/13.2.rel1/bin/../lib/gcc/arm-none-eabi/13.2.1/thumb/v8-m.main+fp/hard\libg_nano.a(libc_a-exit.o)
                              D:/Renesas/RA/e2studio_v2025-12_fsp_v6.4.0/toolchains/gcc_arm/13.2.rel1/bin/../lib/gcc/arm-none-eabi/13.2.1/thumb/v8-m.main+fp/hard/crt0.o (exit)
D:/Renesas/RA/e2studio_v2025-12_fsp_v6.4.0/toolchains/gcc_arm/13.2.rel1/bin/../lib/gcc/arm-none-eabi/13.2.1/thumb/v8-m.main+fp/hard\libg_nano.a(libc_a-nano-vfprintf_float.o)
                              (_printf_float)
D:/Renesas/RA/e2studio_v2025-12_fsp_v6.4.0/toolchains/gcc_arm/13.2.rel1/bin/../lib/gcc/arm-none-eabi/13.2.1/thumb/v8-m.main+fp/hard\libg_nano.a(libc_a-nano-vfprintf_i.o)
                              D:/Renesas/RA/e2studio_v2025-12_fsp_v6.4.0/toolchains/gcc_arm/13.2.rel1/bin/../lib/gcc/arm-none-eabi/13.2.1/thumb/v8-m.main+fp/hard\libg_nano.a(libc_a-nano-vfprintf_float.o) (_printf_common)
D:/Renesas/RA/e2studio_v2025-12_fsp_v6.4.0/toolchains/gcc_arm/13.2.rel1/bin/../lib/gcc/arm-none-eabi/13.2.1/thumb/v8-m.main+fp/hard\libg_nano.a(libc_a-findfp.o)
                              D:/Renesas/RA/e2studio_v2025-12_fsp_v6.4.0/toolchains/gcc_arm/13.2.rel1/bin/../lib/gcc/arm-none-eabi/13.2.1/thumb/v8-m.main+fp/hard\libg_nano.a(libc_a-exit.o) (__stdio_exit_handler)
D:/Renesas/RA/e2studio_v2025-12_fsp_v6.4.0/toolchains/gcc_arm/13.2.rel1/bin/../lib/gcc/arm-none-eabi/13.2.1/thumb/v8-m.main+fp/hard\libg_nano.a(libc_a-fwalk.o)
                              D:/Renesas/RA/e2studio_v2025-12_fsp_v6.4.0/toolchains/gcc_arm/13.2.rel1/bin/../lib/gcc/arm-none-eabi/13.2.1/thumb/v8-m.main+fp/hard\libg_nano.a(libc_a-findfp.o) (_fwalk_sglue)
D:/Renesas/RA/e2studio_v2025-12_fsp_v6.4.0/toolchains/gcc_arm/13.2.rel1/bin/../lib/gcc/arm-none-eabi/13.2.1/thumb/v8-m.main+fp/hard\libg_nano.a(libc_a-stdio.o)
                              D:/Renesas/RA/e2studio_v2025-12_fsp_v6.4.0/toolchains/gcc_arm/13.2.rel1/bin/../lib/gcc/arm-none-eabi/13.2.1/thumb/v8-m.main+fp/hard\libg_nano.a(libc_a-findfp.o) (__sread)
D:/Renesas/RA/e2studio_v2025-12_fsp_v6.4.0/toolchains/gcc_arm/13.2.rel1/bin/../lib/gcc/arm-none-eabi/13.2.1/thumb/v8-m.main+fp/hard\libg_nano.a(libc_a-memmove.o)
                              ./src/oled.o (memmove)
D:/Renesas/RA/e2studio_v2025-12_fsp_v6.4.0/toolchains/gcc_arm/13.2.rel1/bin/../lib/gcc/arm-none-eabi/13.2.1/thumb/v8-m.main+fp/hard\libg_nano.a(libc_a-memset.o)
                              D:/Renesas/RA/e2studio_v2025-12_fsp_v6.4.0/toolchains/gcc_arm/13.2.rel1/bin/../lib/gcc/arm-none-eabi/13.2.1/thumb/v8-m.main+fp/hard/crt0.o (memset)
D:/Renesas/RA/e2studio_v2025-12_fsp_v6.4.0/toolchains/gcc_arm/13.2.rel1/bin/../lib/gcc/arm-none-eabi/13.2.1/thumb/v8-m.main+fp/hard\libg_nano.a(libc_a-localeconv.o)
                              D:/Renesas/RA/e2studio_v2025-12_fsp_v6.4.0/toolchains/gcc_arm/13.2.rel1/bin/../lib/gcc/arm-none-eabi/13.2.1/thumb/v8-m.main+fp/hard\libg_nano.a(libc_a-nano-vfprintf_float.o) (_localeconv_r)
D:/Renesas/RA/e2studio_v2025-12_fsp_v6.4.0/toolchains/gcc_arm/13.2.rel1/bin/../lib/gcc/arm-none-eabi/13.2.1/thumb/v8-m.main+fp/hard\libg_nano.a(libc_a-closer.o)
                              D:/Renesas/RA/e2studio_v2025-12_fsp_v6.4.0/toolchains/gcc_arm/13.2.rel1/bin/../lib/gcc/arm-none-eabi/13.2.1/thumb/v8-m.main+fp/hard\libg_nano.a(libc_a-stdio.o) (_close_r)
D:/Renesas/RA/e2studio_v2025-12_fsp_v6.4.0/toolchains/gcc_arm/13.2.rel1/bin/../lib/gcc/arm-none-eabi/13.2.1/thumb/v8-m.main+fp/hard\libg_nano.a(libc_a-reent.o)
                              D:/Renesas/RA/e2studio_v2025-12_fsp_v6.4.0/toolchains/gcc_arm/13.2.rel1/bin/../lib/gcc/arm-none-eabi/13.2.1/thumb/v8-m.main+fp/hard\libg_nano.a(libc_a-closer.o) (errno)
D:/Renesas/RA/e2studio_v2025-12_fsp_v6.4.0/toolchains/gcc_arm/13.2.rel1/bin/../lib/gcc/arm-none-eabi/13.2.1/thumb/v8-m.main+fp/hard\libg_nano.a(libc_a-impure.o)
[...]
Memory Configuration

Name             Origin             Length             Attributes
ITCM             0x00000000         0x00000000         xr
DTCM             0x00000000         0x00000000         xrw
FLASH            0x00000000         0x00080000         xr
RAM              0x20000000         0x00020000         xrw
DATA_FLASH       0x08000000         0x00002000         xr
QSPI_FLASH       0x60000000         0x04000000         xr
OSPI_DEVICE_0    0x80020000         0x00000000         xr
OSPI_DEVICE_1    0x80030000         0x00000000         xr
OSPI_DEVICE_0_RAM 0x80020000         0x00000000         xrw
OSPI_DEVICE_1_RAM 0x80030000         0x00000000         xrw
SDRAM            0x80010000         0x00000000         xrw
OPTION_SETTING   0x0100a100         0x00000100         r
OPTION_SETTING_OFS 0x0100a100         0x00000018         r
OPTION_SETTING_SAS 0x0100a134         0x000000cc         r
OPTION_SETTING_S 0x0100a200         0x00000100         r
ID_CODE          0x00000000         0x00000000         xr
*default*        0x00000000         0xffffffff

Linker script and memory map

LOAD D:/Renesas/RA/e2studio_v2025-12_fsp_v6.4.0/toolchains/gcc_arm/13.2.rel1/bin/../lib/gcc/arm-none-eabi/13.2.1/thumb/v8-m.main+fp/hard/crti.o
LOAD D:/Renesas/RA/e2studio_v2025-12_fsp_v6.4.0/toolchains/gcc_arm/13.2.rel1/bin/../lib/gcc/arm-none-eabi/13.2.1/thumb/v8-m.main+fp/hard/crtbegin.o
LOAD D:/Renesas/RA/e2studio_v2025-12_fsp_v6.4.0/toolchains/gcc_arm/13.2.rel1/bin/../lib/gcc/arm-none-eabi/13.2.1/thumb/v8-m.main+fp/hard/crt0.o
START GROUP
LOAD ./src/hal_entry.o
LOAD ./src/oled.o
LOAD ./ra_gen/common_data.o
LOAD ./ra_gen/hal_data.o
LOAD ./ra_gen/main.o
LOAD ./ra_gen/pin_data.o
LOAD ./ra_gen/vector_data.o
LOAD ./ra/fsp/src/r_sci_uart/r_sci_uart.o
LOAD ./ra/fsp/src/r_rtc/r_rtc.o
LOAD ./ra/fsp/src/r_ioport/r_ioport.o
LOAD ./ra/fsp/src/r_iic_master/r_iic_master.o
LOAD ./ra/fsp/src/bsp/mcu/all/bsp_clocks.o
LOAD ./ra/fsp/src/bsp/mcu/all/bsp_common.o
LOAD ./ra/fsp/src/bsp/mcu/all/bsp_delay.o
LOAD ./ra/fsp/src/bsp/mcu/all/bsp_group_irq.o
LOAD ./ra/fsp/src/bsp/mcu/all/bsp_guard.o
LOAD ./ra/fsp/src/bsp/mcu/all/bsp_io.o
LOAD ./ra/fsp/src/bsp/mcu/all/bsp_irq.o
LOAD ./ra/fsp/src/bsp/mcu/all/bsp_macl.o
LOAD ./ra/fsp/src/bsp/mcu/all/bsp_register_protection.o
LOAD ./ra/fsp/src/bsp/mcu/all/bsp_rom_registers.o
LOAD ./ra/fsp/src/bsp/mcu/all/bsp_sbrk.o
LOAD ./ra/fsp/src/bsp/mcu/all/bsp_sdram.o
LOAD ./ra/fsp/src/bsp/mcu/all/bsp_security.o
LOAD ./ra/fsp/src/bsp/cmsis/Device/RENESAS/Source/startup.o
LOAD ./ra/fsp/src/bsp/cmsis/Device/RENESAS/Source/system.o
END GROUP
START GROUP
LOAD D:/Renesas/RA/e2studio_v2025-12_fsp_v6.4.0/toolchains/gcc_arm/13.2.rel1/bin/../lib/gcc/arm-none-eabi/13.2.1/thumb/v8-m.main+fp/hard\libgcc.a
LOAD D:/Renesas/RA/e2studio_v2025-12_fsp_v6.4.0/toolchains/gcc_arm/13.2.rel1/bin/../lib/gcc/arm-none-eabi/13.2.1/thumb/v8-m.main+fp/hard\libg_nano.a
LOAD D:/Renesas/RA/e2studio_v2025-12_fsp_v6.4.0/toolchains/gcc_arm/13.2.rel1/bin/../lib/gcc/arm-none-eabi/13.2.1/thumb/v8-m.main+fp/hard\libc_nano.a
END GROUP
START GROUP
LOAD D:/Renesas/RA/e2studio_v2025-12_fsp_v6.4.0/toolchains/gcc_arm/13.2.rel1/bin/../lib/gcc/arm-none-eabi/13.2.1/thumb/v8-m.main+fp/hard\libgcc.a
LOAD D:/Renesas/RA/e2studio_v2025-12_fsp_v6.4.0/toolchains/gcc_arm/13.2.rel1/bin/../lib/gcc/arm-none-eabi/13.2.1/thumb/v8-m.main+fp/hard\libc_nano.a
LOAD D:/Renesas/RA/e2studio_v2025-12_fsp_v6.4.0/toolchains/gcc_arm/13.2.rel1/bin/../lib/gcc/arm-none-eabi/13.2.1/thumb/v8-m.main+fp/hard\libnosys.a
END GROUP
START GROUP
LOAD D:/Renesas/RA/e2studio_v2025-12_fsp_v6.4.0/toolchains/gcc_arm/13.2.rel1/bin/../lib/gcc/arm-none-eabi/13.2.1/thumb/v8-m.main+fp/hard\libgcc.a
LOAD D:/Renesas/RA/e2studio_v2025-12_fsp_v6.4.0/toolchains/gcc_arm/13.2.rel1/bin/../lib/gcc/arm-none-eabi/13.2.1/thumb/v8-m.main+fp/hard\libc_nano.a
LOAD D:/Renesas/RA/e2studio_v2025-12_fsp_v6.4.0/toolchains/gcc_arm/13.2.rel1/bin/../lib/gcc/arm-none-eabi/13.2.1/thumb/v8-m.main+fp/hard\libnosys.a
END GROUP
LOAD D:/Renesas/RA/e2studio_v2025-12_fsp_v6.4.0/toolchains/gcc_arm/13.2.rel1/bin/../lib/gcc/arm-none-eabi/13.2.1/thumb/v8-m.main+fp/hard/crtend.o
LOAD D:/Renesas/RA/e2studio_v2025-12_fsp_v6.4.0/toolchains/gcc_arm/13.2.rel1/bin/../lib/gcc/arm-none-eabi/13.2.1/thumb/v8-m.main+fp/hard/crtn.o
                0x20000000                        RAM_START = 0x20000000
                0x00020000                        RAM_LENGTH = 0x20000
                0x00000000                        FLASH_START = 0x0
                0x00080000                        FLASH_LENGTH = 0x80000
                0x08000000                        DATA_FLASH_START = 0x8000000
                0x00002000                        DATA_FLASH_LENGTH = 0x2000
                0x0100a100                        OPTION_SETTING_START = 0x100a100
                0x00000100                        OPTION_SETTING_LENGTH = 0x100
                0x0100a200                        OPTION_SETTING_S_START = 0x100a200
                0x00000100                        OPTION_SETTING_S_LENGTH = 0x100
                0x00000000                        ID_CODE_START = 0x0
                0x00000000                        ID_CODE_LENGTH = 0x0
                0x80010000                        SDRAM_START = 0x80010000
                0x00000000                        SDRAM_LENGTH = 0x0
                0x60000000                        QSPI_FLASH_START = 0x60000000
                0x04000000                        QSPI_FLASH_LENGTH = 0x4000000
                0x80020000                        OSPI_DEVICE_0_START = 0x80020000
                0x00000000                        OSPI_DEVICE_0_LENGTH = 0x0
                0x80030000                        OSPI_DEVICE_1_START = 0x80030000
                0x00000000                        OSPI_DEVICE_1_LENGTH = 0x0
                0x04000000                        QSPI_FLASH_PRV_LENGTH = DEFINED (QSPI_FLASH_SIZE)?ABSOLUTE (QSPI_FLASH_SIZE):ABSOLUTE (QSPI_FLASH_LENGTH)
                0x00000000                        OSPI_DEVICE_0_PRV_LENGTH = DEFINED (OSPI_DEVICE_0_SIZE)?ABSOLUTE (OSPI_DEVICE_0_SIZE):ABSOLUTE (OSPI_DEVICE_0_LENGTH)
                0x00000000                        OSPI_DEVICE_1_PRV_LENGTH = DEFINED (OSPI_DEVICE_1_SIZE)?ABSOLUTE (OSPI_DEVICE_1_SIZE):ABSOLUTE (OSPI_DEVICE_1_LENGTH)
                0x00000000                        __RESERVE_NS_RAM = ((! (DEFINED (PROJECT_NONSECURE)) && DEFINED (RAM_NS_BUFFER_LENGTH)) && (OPTION_SETTING_S_LENGTH != 0x0))
                0x00000000                        ITCM_START = DEFINED (ITCM_START)?ITCM_START:0x0
                0x00000000                        ITCM_LENGTH = DEFINED (ITCM_LENGTH)?ITCM_LENGTH:0x0
                0x00000000                        DTCM_START = DEFINED (DTCM_START)?DTCM_START:0x0
                0x00000000                        DTCM_LENGTH = DEFINED (DTCM_LENGTH)?DTCM_LENGTH:0x0
                0x00000000                        RAM_NS_BUFFER_BLOCK_LENGTH = DEFINED (RAM_NS_BUFFER_LENGTH)?ALIGN (RAM_NS_BUFFER_LENGTH, 0x2000):0x0
                0x00000000                        RAM_NS_BUFFER_LENGTH = DEFINED (RAM_NS_BUFFER_LENGTH)?RAM_NS_BUFFER_LENGTH:0x0
                0x20020000                        RAM_NS_BUFFER_START = ((RAM_START + RAM_LENGTH) - RAM_NS_BUFFER_LENGTH)
                0x20020000                        RAM_NS_BUFFER_BLOCK_START = ((RAM_START + RAM_LENGTH) - RAM_NS_BUFFER_BLOCK_LENGTH)
                0x0100a180                        OPTION_SETTING_START_NS = DEFINED (PROJECT_NONSECURE)?OPTION_SETTING_START:(OPTION_SETTING_START + 0x80)
                0x00000001                        __bl_FSP_BOOTABLE_IMAGE = 0x1
                0x00000001                        __bln_FSP_BOOTABLE_IMAGE = 0x1
                0x00000001                        PROJECT_SECURE_OR_FLAT = (((! (DEFINED (PROJECT_NONSECURE)) || DEFINED (PROJECT_SECURE)) && OPTION_SETTING_LENGTH) && ! (DEFINED (FSP_BOOTABLE_IMAGE)))
                0x00000000                        USE_OPTION_SETTING_NS = (DEFINED (PROJECT_NONSECURE) && ! (DEFINED (FSP_BOOTABLE_IMAGE)))
                0x00000000                        __bl_FLASH_IMAGE_START = ! (DEFINED (FLASH_BOOTLOADER_LENGTH))?0x0:(FLASH_APPLICATION_IMAGE_NUMBER == 0x1)?((FLASH_START + FLASH_BOOTLOADER_LENGTH) + FLASH_BOOTLOADER_HEADER_LENGTH):(DEFINED (BOOTLOADER_SECONDARY_USE_QSPI) || DEFINED (BOOTLOADER_SECONDARY_USE_OSPI_B))?(((FLASH_START + FLASH_BOOTLOADER_LENGTH) + FLASH_BOOTLOADER_SCRATCH_LENGTH) + FLASH_BOOTLOADER_HEADER_LENGTH):((((FLASH_START + FLASH_BOOTLOADER_LENGTH) + FLASH_BOOTLOADER_SCRATCH_LENGTH) + FLASH_APPLICATION_S_LENGTH) + FLASH_BOOTLOADER_HEADER_LENGTH)
                0x00000000                        __bl_FLASH_IMAGE_LENGTH = ! (DEFINED (FLASH_BOOTLOADER_LENGTH))?0x0:(FLASH_APPLICATION_S_LENGTH - FLASH_BOOTLOADER_HEADER_LENGTH)
                0x00000000                        __bl_FLASH_IMAGE_END = (__bl_FLASH_IMAGE_START + __bl_FLASH_IMAGE_LENGTH)
                0x00000000                        __bl_XIP_SECONDARY_FLASH_IMAGE_START = ! (DEFINED (FLASH_BOOTLOADER_LENGTH))?0x0:(((FLASH_START + FLASH_BOOTLOADER_LENGTH) + FLASH_APPLICATION_S_LENGTH) + FLASH_BOOTLOADER_HEADER_LENGTH)
                0x00000000                        __bl_XIP_SECONDARY_FLASH_IMAGE_END = (__bl_XIP_SECONDARY_FLASH_IMAGE_START + __bl_FLASH_IMAGE_LENGTH)
                0x00000000                        __bl_FLASH_IMAGE_START_FROM_MMF_REGION = DEFINED (BOOT_IMAGE_FROM_MMF_REGION)?BOOT_IMAGE_FROM_MMF_REGION:0x0
                0x00000000                        __bl_MEMORY_MIRROR_REGION_START = DEFINED (MMF_REGION_START_ADDR)?MMF_REGION_START_ADDR:0x0
                0x00000000                        __bl_FLASH_NS_START = ! (DEFINED (FLASH_BOOTLOADER_LENGTH))?0x0:(FLASH_APPLICATION_NS_LENGTH == 0x0)?__bl_FLASH_IMAGE_END:((__bl_FLASH_IMAGE_START - FLASH_BOOTLOADER_HEADER_LENGTH) + FLASH_APPLICATION_S_LENGTH)
                0x00000000                        __bl_FLASH_NSC_START = ! (DEFINED (FLASH_BOOTLOADER_LENGTH))?0x0:(FLASH_APPLICATION_NS_LENGTH == 0x0)?__bl_FLASH_IMAGE_END:(__bl_FLASH_IMAGE_END - FLASH_APPLICATION_NSC_LENGTH)
                0x00000000                        __bl_RAM_NS_START = ! (DEFINED (FLASH_BOOTLOADER_LENGTH))?0x0:(FLASH_APPLICATION_NS_LENGTH == 0x0)?(RAM_START + RAM_LENGTH):((RAM_START + RAM_LENGTH) - RAM_APPLICATION_NS_LENGTH)
                0x00000000                        __bl_RAM_NSC_START = ! (DEFINED (FLASH_BOOTLOADER_LENGTH))?0x0:(FLASH_APPLICATION_NS_LENGTH == 0x0)?(RAM_START + RAM_LENGTH):(__bl_RAM_NS_START - RAM_APPLICATION_NSC_LENGTH)
                0x00000000                        __bl_FLASH_NS_IMAGE_START = ! (DEFINED (FLASH_BOOTLOADER_LENGTH))?0x0:(FLASH_APPLICATION_NS_LENGTH == 0x0)?__bl_FLASH_IMAGE_END:(__bl_FLASH_NS_START + FLASH_BOOTLOADER_HEADER_LENGTH_2)
                0x00000000                        __bln_FLASH_IMAGE_START = (__bl_FLASH_NS_IMAGE_START | ! (DEFINED (NS_OFFSET_START))?0x0:NS_OFFSET_START)
                0x00000000                        __bln_FLASH_IMAGE_LENGTH = ! (DEFINED (FLASH_BOOTLOADER_LENGTH))?0x0:(FLASH_APPLICATION_NS_LENGTH == 0x0)?__bl_FLASH_IMAGE_END:(FLASH_APPLICATION_NS_LENGTH - FLASH_BOOTLOADER_HEADER_LENGTH_2)
                0x00000000                        XIP_SECONDARY_SLOT_IMAGE = DEFINED (XIP_SECONDARY_SLOT_IMAGE)?XIP_SECONDARY_SLOT_IMAGE:0x0
                0x00000000                        FLASH_IMAGE_START_FROM_MMF_REGION = ! (DEFINED (FLASH_IMAGE_START_FROM_MMF_REGION))?0x0:FLASH_IMAGE_START_FROM_MMF_REGION
                0x00000000                        MEMORY_MIRROR_REGION_START = ! (DEFINED (MEMORY_MIRROR_REGION_START))?0x0:MEMORY_MIRROR_REGION_START
                0x00000000                        FLASH_ORIGIN = ! (DEFINED (FLASH_IMAGE_START))?FLASH_START:(XIP_SECONDARY_SLOT_IMAGE == 0x1)?XIP_SECONDARY_FLASH_IMAGE_START:(FLASH_IMAGE_START_FROM_MMF_REGION == 0x1)?MEMORY_MIRROR_REGION_START:FLASH_IMAGE_START
                0x00080000                        LIMITED_FLASH_LENGTH = DEFINED (FLASH_IMAGE_LENGTH)?FLASH_IMAGE_LENGTH:DEFINED (FLASH_BOOTLOADER_LENGTH)?FLASH_BOOTLOADER_LENGTH:FLASH_LENGTH
                0x00000034                        OPTION_SETTING_SAS_SIZE = 0x34
                0x000000cc                        OPTION_SETTING_SAS_LENGTH = ! (DEFINED (OPTION_SETTING_LENGTH))?0x0:(OPTION_SETTING_LENGTH == 0x0)?0x0:(OPTION_SETTING_LENGTH - OPTION_SETTING_SAS_SIZE)
START GROUP
LOAD D:/Renesas/RA/e2studio_v2025-12_fsp_v6.4.0/toolchains/gcc_arm/13.2.rel1/bin/../lib/gcc/arm-none-eabi/13.2.1/thumb/v8-m.main+fp/hard\libgcc.a
LOAD D:/Renesas/RA/e2studio_v2025-12_fsp_v6.4.0/toolchains/gcc_arm/13.2.rel1/bin/../lib/gcc/arm-none-eabi/13.2.1/thumb/v8-m.main+fp/hard\libc.a
LOAD D:/Renesas/RA/e2studio_v2025-12_fsp_v6.4.0/toolchains/gcc_arm/13.2.rel1/bin/../lib/gcc/arm-none-eabi/13.2.1/thumb/v8-m.main+fp/hard\libm.a
END GROUP

.text           0x00000000     0x6390
                0x00000000                        __tz_FLASH_S = ABSOLUTE (FLASH_START)
                0x00000000                        __ROM_Start = .
 *(.fixed_vectors*)
 .fixed_vectors
                0x00000000       0x40 ./ra/fsp/src/bsp/cmsis/Device/RENESAS/Source/startup.o
                0x00000000                __Vectors
 *(.application_vectors*)
 .application_vectors
                0x00000040       0x2c ./ra_gen/vector_data.o
                0x00000040                g_vector_table
                0x0000006c                        __Vectors_End = .
 *(.flash_gap*)
                0x0000006c                        . = (OPTION_SETTING_LENGTH > 0x0)?.:(__ROM_Start + 0x400)
 *(.rom_registers*)
 *(.mcuboot_sce9_key*)
 *(.text*)
 .text.deregister_tm_clones
                0x0000006c       0x1c D:/Renesas/RA/e2studio_v2025-12_fsp_v6.4.0/toolchains/gcc_arm/13.2.rel1/bin/../lib/gcc/arm-none-eabi/13.2.1/thumb/v8-m.main+fp/hard/crtbegin.o
 .text.register_tm_clones
                0x00000088       0x28 D:/Renesas/RA/e2studio_v2025-12_fsp_v6.4.0/toolchains/gcc_arm/13.2.rel1/bin/../lib/gcc/arm-none-eabi/13.2.1/thumb/v8-m.main+fp/hard/crtbegin.o
 .text.__do_global_dtors_aux
                0x000000b0       0x28 D:/Renesas/RA/e2studio_v2025-12_fsp_v6.4.0/toolchains/gcc_arm/13.2.rel1/bin/../lib/gcc/arm-none-eabi/13.2.1/thumb/v8-m.main+fp/hard/crtbegin.o
 .text.frame_dummy
                0x000000d8       0x24 D:/Renesas/RA/e2studio_v2025-12_fsp_v6.4.0/toolchains/gcc_arm/13.2.rel1/bin/../lib/gcc/arm-none-eabi/13.2.1/thumb/v8-m.main+fp/hard/crtbegin.o
 .text.hal_entry
                0x000000fc      0x640 ./src/hal_entry.o
                0x000000fc                hal_entry
 .text.R_BSP_WarmStart
                0x0000073c       0x18 ./src/hal_entry.o
                0x0000073c                R_BSP_WarmStart
 .text.oled_i2c_send_byte
                0x00000754       0x84 ./src/oled.o
 .text.oled_i2c_start
                0x000007d8       0x4c ./src/oled.o
 .text.oled_i2c_stop
                0x00000824       0x40 ./src/oled.o
 .text.OLED_ColorTurn
                0x00000864       0x48 ./src/oled.o
                0x00000864                OLED_ColorTurn
 .text.OLED_DisplayTurn
                0x000008ac       0x7c ./src/oled.o
                0x000008ac                OLED_DisplayTurn
 .text.OLED_Refresh
                0x00000928       0x90 ./src/oled.o
                0x00000928                OLED_Refresh
 .text.OLED_ClearBuffer
                0x000009b8       0x34 ./src/oled.o
                0x000009b8                OLED_ClearBuffer
 .text.OLED_Clear
                0x000009ec       0x34 ./src/oled.o
                0x000009ec                OLED_Clear
 .text.OLED_DrawPoint
                0x00000a20       0x3c ./src/oled.o
                0x00000a20                OLED_DrawPoint
 .text.OLED_ShowChar
                0x00000a5c      0x14c ./src/oled.o
                0x00000a5c                OLED_ShowChar
 .text.OLED_ShowString
                0x00000ba8       0x4c ./src/oled.o
                0x00000ba8                OLED_ShowString
 .text.OLED_Init
                0x00000bf4      0x2f8 ./src/oled.o
                0x00000bf4                OLED_Init
 .text.startup.main
                0x00000eec        0xc ./ra_gen/main.o
                0x00000eec                main
 .text.r_sci_uart_call_callback
                0x00000ef8       0x44 ./ra/fsp/src/r_sci_uart/r_sci_uart.o
 .text.sci_uart_txi_isr
                0x00000f3c       0x8c ./ra/fsp/src/r_sci_uart/r_sci_uart.o
                0x00000f3c                sci_uart_txi_isr
 .text.sci_uart_rxi_isr
                0x00000fc8       0x90 ./ra/fsp/src/r_sci_uart/r_sci_uart.o
                0x00000fc8                sci_uart_rxi_isr
 .text.sci_uart_tei_isr
                0x00001058       0x48 ./ra/fsp/src/r_sci_uart/r_sci_uart.o
                0x00001058                sci_uart_tei_isr
 .text.sci_uart_eri_isr
                0x000010a0       0x78 ./ra/fsp/src/r_sci_uart/r_sci_uart.o
                0x000010a0                sci_uart_eri_isr
 .text.rtc_alarm_periodic_isr
                0x00001118       0x70 ./ra/fsp/src/r_rtc/r_rtc.o
                0x00001118                rtc_alarm_periodic_isr
 .text.rtc_carry_isr
                0x00001188       0x30 ./ra/fsp/src/r_rtc/r_rtc.o
                0x00001188                rtc_carry_isr
 .text.R_IOPORT_PinRead
                0x000011b8       0x24 ./ra/fsp/src/r_ioport/r_ioport.o
                0x000011b8                R_IOPORT_PinRead
 .text.R_IOPORT_PinWrite
                0x000011dc       0x20 ./ra/fsp/src/r_ioport/r_ioport.o
                0x000011dc                R_IOPORT_PinWrite
 .text.bsp_vbatt_init
                0x000011fc       0xe8 ./ra/fsp/src/r_ioport/r_ioport.o
 .text.r_ioport_pins_config
                0x000012e4       0xac ./ra/fsp/src/r_ioport/r_ioport.o
 .text.R_IOPORT_Open
                0x00001390       0x14 ./ra/fsp/src/r_ioport/r_ioport.o
                0x00001390                R_IOPORT_Open
 .text.R_IOPORT_PinCfg
                0x000013a4       0xa8 ./ra/fsp/src/r_ioport/r_ioport.o
                0x000013a4                R_IOPORT_PinCfg
 .text.iic_master_notify
                0x0000144c       0x3c ./ra/fsp/src/r_iic_master/r_iic_master.o
 .text.iic_master_open_hw_master
                0x00001488      0x1c8 ./ra/fsp/src/r_iic_master/r_iic_master.o
 .text.iic_master_rxi_isr
                0x00001650      0x194 ./ra/fsp/src/r_iic_master/r_iic_master.o
                0x00001650                iic_master_rxi_isr
 .text.iic_master_txi_isr
                0x000017e4      0x120 ./ra/fsp/src/r_iic_master/r_iic_master.o
                0x000017e4                iic_master_txi_isr
 .text.iic_master_tei_isr
                0x00001904       0xe0 ./ra/fsp/src/r_iic_master/r_iic_master.o
                0x00001904                iic_master_tei_isr
 .text.iic_master_eri_isr
                0x000019e4      0x140 ./ra/fsp/src/r_iic_master/r_iic_master.o
                0x000019e4                iic_master_eri_isr
 .text.SystemCoreClockUpdate
                0x00001b24       0x28 ./ra/fsp/src/bsp/mcu/all/bsp_clocks.o
                0x00001b24                SystemCoreClockUpdate
 .text.R_BSP_SubClockStabilizeWaitAfterReset
                0x00001b4c        0x4 ./ra/fsp/src/bsp/mcu/all/bsp_clocks.o
                0x00001b4c                R_BSP_SubClockStabilizeWaitAfterReset
 .text.bsp_clock_init
                0x00001b50      0x130 ./ra/fsp/src/bsp/mcu/all/bsp_clocks.o
                0x00001b50                bsp_clock_init
 .text.R_BSP_Init_RTC
                0x00001c80       0x28 ./ra/fsp/src/bsp/mcu/all/bsp_clocks.o
                0x00001c80                R_BSP_Init_RTC
 .text.bsp_init_internal
                0x00001ca8        0x4 ./ra/fsp/src/bsp/mcu/all/bsp_common.o
                0x00001ca8                bsp_init_internal
                0x00001ca8                bsp_init
 .text.__assert_func
                0x00001cac        0x4 ./ra/fsp/src/bsp/mcu/all/bsp_common.o
                0x00001cac                __assert_func
 .text.bsp_prv_software_delay_loop
                0x00001cb0        0xc ./ra/fsp/src/bsp/mcu/all/bsp_delay.o
                0x00001cb0                bsp_prv_software_delay_loop
 .text.R_BSP_SoftwareDelay
                0x00001cbc       0x58 ./ra/fsp/src/bsp/mcu/all/bsp_delay.o
                0x00001cbc                R_BSP_SoftwareDelay
 .text.NMI_Handler
                0x00001d14       0x3c ./ra/fsp/src/bsp/mcu/all/bsp_group_irq.o
                0x00001d14                NMI_Handler
 .text.bsp_irq_cfg
                0x00001d50       0x94 ./ra/fsp/src/bsp/mcu/all/bsp_irq.o
                0x00001d50                bsp_irq_cfg
 .text.R_BSP_RegisterProtectEnable
                0x00001de4       0x60 ./ra/fsp/src/bsp/mcu/all/bsp_register_protection.o
                0x00001de4                R_BSP_RegisterProtectEnable
 .text.R_BSP_RegisterProtectDisable
                0x00001e44       0x54 ./ra/fsp/src/bsp/mcu/all/bsp_register_protection.o
                0x00001e44                R_BSP_RegisterProtectDisable
 .text._sbrk    0x00001e98       0x40 ./ra/fsp/src/bsp/mcu/all/bsp_sbrk.o
                0x00001e98                _sbrk
 .text.Default_Handler
                0x00001ed8        0x4 ./ra/fsp/src/bsp/cmsis/Device/RENESAS/Source/startup.o
                0x00001ed8                DebugMon_Handler
                0x00001ed8                HardFault_Handler
                0x00001ed8                SysTick_Handler
                0x00001ed8                PendSV_Handler
                0x00001ed8                UsageFault_Handler
                0x00001ed8                SecureFault_Handler
                0x00001ed8                Default_Handler
                0x00001ed8                MemManage_Handler
                0x00001ed8                SVC_Handler
                0x00001ed8                BusFault_Handler
 .text.Reset_Handler
                0x00001edc        0xc ./ra/fsp/src/bsp/cmsis/Device/RENESAS/Source/startup.o
                0x00001edc                Reset_Handler
 .text.SystemInit
                0x00001ee8       0xe0 ./ra/fsp/src/bsp/cmsis/Device/RENESAS/Source/system.o
                0x00001ee8                SystemInit
 .text.__cvt    0x00001fc8       0xca D:/Renesas/RA/e2studio_v2025-12_fsp_v6.4.0/toolchains/gcc_arm/13.2.rel1/bin/../lib/gcc/arm-none-eabi/13.2.1/thumb/v8-m.main+fp/hard\libg_nano.a(libc_a-nano-vfprintf_float.o)
                0x00001fc8                __cvt
 .text.__exponent
                0x00002092       0x72 D:/Renesas/RA/e2studio_v2025-12_fsp_v6.4.0/toolchains/gcc_arm/13.2.rel1/bin/../lib/gcc/arm-none-eabi/13.2.1/thumb/v8-m.main+fp/hard\libg_nano.a(libc_a-nano-vfprintf_float.o)
                0x00002092                __exponent
 .text._printf_float
                0x00002104      0x454 D:/Renesas/RA/e2studio_v2025-12_fsp_v6.4.0/toolchains/gcc_arm/13.2.rel1/bin/../lib/gcc/arm-none-eabi/13.2.1/thumb/v8-m.main+fp/hard\libg_nano.a(libc_a-nano-vfprintf_float.o)
                0x00002104                _printf_float
 .text._printf_common
                0x00002558       0xe4 D:/Renesas/RA/e2studio_v2025-12_fsp_v6.4.0/toolchains/gcc_arm/13.2.rel1/bin/../lib/gcc/arm-none-eabi/13.2.1/thumb/v8-m.main+fp/hard\libg_nano.a(libc_a-nano-vfprintf_i.o)
                0x00002558                _printf_common
 .text.memset   0x0000263c       0x10 D:/Renesas/RA/e2studio_v2025-12_fsp_v6.4.0/toolchains/gcc_arm/13.2.rel1/bin/../lib/gcc/arm-none-eabi/13.2.1/thumb/v8-m.main+fp/hard\libg_nano.a(libc_a-memset.o)
                0x0000263c                memset
 .text._localeconv_r
                0x0000264c        0x8 D:/Renesas/RA/e2studio_v2025-12_fsp_v6.4.0/toolchains/gcc_arm/13.2.rel1/bin/../lib/gcc/arm-none-eabi/13.2.1/thumb/v8-m.main+fp/hard\libg_nano.a(libc_a-localeconv.o)
                0x0000264c                _localeconv_r
 .text.__errno  0x00002654        0xc D:/Renesas/RA/e2studio_v2025-12_fsp_v6.4.0/toolchains/gcc_arm/13.2.rel1/bin/../lib/gcc/arm-none-eabi/13.2.1/thumb/v8-m.main+fp/hard\libg_nano.a(libc_a-errno.o)
                0x00002654                __errno
 .text.__retarget_lock_acquire_recursive
                0x00002660        0x2 D:/Renesas/RA/e2studio_v2025-12_fsp_v6.4.0/toolchains/gcc_arm/13.2.rel1/bin/../lib/gcc/arm-none-eabi/13.2.1/thumb/v8-m.main+fp/hard\libg_nano.a(libc_a-lock.o)
                0x00002660                __retarget_lock_acquire_recursive
 .text.__retarget_lock_release_recursive
                0x00002662        0x2 D:/Renesas/RA/e2studio_v2025-12_fsp_v6.4.0/toolchains/gcc_arm/13.2.rel1/bin/../lib/gcc/arm-none-eabi/13.2.1/thumb/v8-m.main+fp/hard\libg_nano.a(libc_a-lock.o)
                0x00002662                __retarget_lock_release_recursive
 .text.memcpy   0x00002664       0x1a D:/Renesas/RA/e2studio_v2025-12_fsp_v6.4.0/toolchains/gcc_arm/13.2.rel1/bin/../lib/gcc/arm-none-eabi/13.2.1/thumb/v8-m.main+fp/hard\libg_nano.a(libc_a-memcpy-stub.o)
                0x00002664                memcpy
 .text          0x0000267e       0x10 D:/Renesas/RA/e2studio_v2025-12_fsp_v6.4.0/toolchains/gcc_arm/13.2.rel1/bin/../lib/gcc/arm-none-eabi/13.2.1/thumb/v8-m.main+fp/hard\libg_nano.a(libc_a-strlen.o)
                0x0000267e                strlen
 .text.quorem   0x0000268e      0x11a D:/Renesas/RA/e2studio_v2025-12_fsp_v6.4.0/toolchains/gcc_arm/13.2.rel1/bin/../lib/gcc/arm-none-eabi/13.2.1/thumb/v8-m.main+fp/hard\libg_nano.a(libc_a-dtoa.o)
 .text._dtoa_r  0x000027a8      0xb7c D:/Renesas/RA/e2studio_v2025-12_fsp_v6.4.0/toolchains/gcc_arm/13.2.rel1/bin/../lib/gcc/arm-none-eabi/13.2.1/thumb/v8-m.main+fp/hard\libg_nano.a(libc_a-dtoa.o)
                0x000027a8                _dtoa_r
 .text.malloc   0x00003324       0x10 D:/Renesas/RA/e2studio_v2025-12_fsp_v6.4.0/toolchains/gcc_arm/13.2.rel1/bin/../lib/gcc/arm-none-eabi/13.2.1/thumb/v8-m.main+fp/hard\libg_nano.a(libc_a-malloc.o)
                0x00003324                malloc
 .text.sbrk_aligned
                0x00003334       0x44 D:/Renesas/RA/e2studio_v2025-12_fsp_v6.4.0/toolchains/gcc_arm/13.2.rel1/bin/../lib/gcc/arm-none-eabi/13.2.1/thumb/v8-m.main+fp/hard\libg_nano.a(libc_a-mallocr.o)
 .text._malloc_r
                0x00003378      0x100 D:/Renesas/RA/e2studio_v2025-12_fsp_v6.4.0/toolchains/gcc_arm/13.2.rel1/bin/../lib/gcc/arm-none-eabi/13.2.1/thumb/v8-m.main+fp/hard\libg_nano.a(libc_a-mallocr.o)
                0x00003378                _malloc_r
 .text.__malloc_lock
                0x00003478        0xc D:/Renesas/RA/e2studio_v2025-12_fsp_v6.4.0/toolchains/gcc_arm/13.2.rel1/bin/../lib/gcc/arm-none-eabi/13.2.1/thumb/v8-m.main+fp/hard\libg_nano.a(libc_a-mlock.o)
                0x00003478                __malloc_lock
 .text.__malloc_unlock
                0x00003484        0xc D:/Renesas/RA/e2studio_v2025-12_fsp_v6.4.0/toolchains/gcc_arm/13.2.rel1/bin/../lib/gcc/arm-none-eabi/13.2.1/thumb/v8-m.main+fp/hard\libg_nano.a(libc_a-mlock.o)
                0x00003484                __malloc_unlock
 .text._Balloc  0x00003490       0x80 D:/Renesas/RA/e2studio_v2025-12_fsp_v6.4.0/toolchains/gcc_arm/13.2.rel1/bin/../lib/gcc/arm-none-eabi/13.2.1/thumb/v8-m.main+fp/hard\libg_nano.a(libc_a-mprec.o)
                0x00003490                _Balloc
 .text._Bfree   0x00003510       0x44 D:/Renesas/RA/e2studio_v2025-12_fsp_v6.4.0/toolchains/gcc_arm/13.2.rel1/bin/../lib/gcc/arm-none-eabi/13.2.1/thumb/v8-m.main+fp/hard\libg_nano.a(libc_a-mprec.o)
                0x00003510                _Bfree
 .text.__multadd
                0x00003554       0x90 D:/Renesas/RA/e2studio_v2025-12_fsp_v6.4.0/toolchains/gcc_arm/13.2.rel1/bin/../lib/gcc/arm-none-eabi/13.2.1/thumb/v8-m.main+fp/hard\libg_nano.a(libc_a-mprec.o)
                0x00003554                __multadd
 .text.__hi0bits
                0x000035e4       0x3e D:/Renesas/RA/e2studio_v2025-12_fsp_v6.4.0/toolchains/gcc_arm/13.2.rel1/bin/../lib/gcc/arm-none-eabi/13.2.1/thumb/v8-m.main+fp/hard\libg_nano.a(libc_a-mprec.o)
                0x000035e4                __hi0bits
 .text.__lo0bits
                0x00003622       0x5a D:/Renesas/RA/e2studio_v2025-12_fsp_v6.4.0/toolchains/gcc_arm/13.2.rel1/bin/../lib/gcc/arm-none-eabi/13.2.1/thumb/v8-m.main+fp/hard\libg_nano.a(libc_a-mprec.o)
                0x00003622                __lo0bits
 .text.__i2b    0x0000367c       0x2c D:/Renesas/RA/e2studio_v2025-12_fsp_v6.4.0/toolchains/gcc_arm/13.2.rel1/bin/../lib/gcc/arm-none-eabi/13.2.1/thumb/v8-m.main+fp/hard\libg_nano.a(libc_a-mprec.o)
                0x0000367c                __i2b
 .text.__multiply
                0x000036a8      0x148 D:/Renesas/RA/e2studio_v2025-12_fsp_v6.4.0/toolchains/gcc_arm/13.2.rel1/bin/../lib/gcc/arm-none-eabi/13.2.1/thumb/v8-m.main+fp/hard\libg_nano.a(libc_a-mprec.o)
                0x000036a8                __multiply
 .text.__pow5mult
                0x000037f0       0xb4 D:/Renesas/RA/e2studio_v2025-12_fsp_v6.4.0/toolchains/gcc_arm/13.2.rel1/bin/../lib/gcc/arm-none-eabi/13.2.1/thumb/v8-m.main+fp/hard\libg_nano.a(libc_a-mprec.o)
                0x000037f0                __pow5mult
 .text.__lshift
                0x000038a4       0xd8 D:/Renesas/RA/e2studio_v2025-12_fsp_v6.4.0/toolchains/gcc_arm/13.2.rel1/bin/../lib/gcc/arm-none-eabi/13.2.1/thumb/v8-m.main+fp/hard\libg_nano.a(libc_a-mprec.o)
                0x000038a4                __lshift
 .text.__mcmp   0x0000397c       0x36 D:/Renesas/RA/e2studio_v2025-12_fsp_v6.4.0/toolchains/gcc_arm/13.2.rel1/bin/../lib/gcc/arm-none-eabi/13.2.1/thumb/v8-m.main+fp/hard\libg_nano.a(libc_a-mprec.o)
                0x0000397c                __mcmp
 *fill*         0x000039b2        0x2 ff
 .text.__mdiff  0x000039b4      0x130 D:/Renesas/RA/e2studio_v2025-12_fsp_v6.4.0/toolchains/gcc_arm/13.2.rel1/bin/../lib/gcc/arm-none-eabi/13.2.1/thumb/v8-m.main+fp/hard\libg_nano.a(libc_a-mprec.o)
                0x000039b4                __mdiff
 .text.__d2b    0x00003ae4       0xb0 D:/Renesas/RA/e2studio_v2025-12_fsp_v6.4.0/toolchains/gcc_arm/13.2.rel1/bin/../lib/gcc/arm-none-eabi/13.2.1/thumb/v8-m.main+fp/hard\libg_nano.a(libc_a-mprec.o)
                0x00003ae4                __d2b
 .text._sbrk_r  0x00003b94       0x20 D:/Renesas/RA/e2studio_v2025-12_fsp_v6.4.0/toolchains/gcc_arm/13.2.rel1/bin/../lib/gcc/arm-none-eabi/13.2.1/thumb/v8-m.main+fp/hard\libg_nano.a(libc_a-sbrkr.o)
                0x00003b94                _sbrk_r
 .text._calloc_r
                0x00003bb4       0x28 D:/Renesas/RA/e2studio_v2025-12_fsp_v6.4.0/toolchains/gcc_arm/13.2.rel1/bin/../lib/gcc/arm-none-eabi/13.2.1/thumb/v8-m.main+fp/hard\libg_nano.a(libc_a-callocr.o)
                0x00003bb4                _calloc_r
 .text.__ascii_mbtowc
                0x00003bdc       0x24 D:/Renesas/RA/e2studio_v2025-12_fsp_v6.4.0/toolchains/gcc_arm/13.2.rel1/bin/../lib/gcc/arm-none-eabi/13.2.1/thumb/v8-m.main+fp/hard\libg_nano.a(libc_a-mbtowc_r.o)
                0x00003bdc                __ascii_mbtowc
 .text.__ascii_wctomb
                0x00003c00       0x1a D:/Renesas/RA/e2studio_v2025-12_fsp_v6.4.0/toolchains/gcc_arm/13.2.rel1/bin/../lib/gcc/arm-none-eabi/13.2.1/thumb/v8-m.main+fp/hard\libg_nano.a(libc_a-wctomb_r.o)
                0x00003c00                __ascii_wctomb
 *fill*         0x00003c1a        0x2 ff
 .text          0x00003c1c      0x378 D:/Renesas/RA/e2studio_v2025-12_fsp_v6.4.0/toolchains/gcc_arm/13.2.rel1/bin/../lib/gcc/arm-none-eabi/13.2.1/thumb/v8-m.main+fp/hard\libgcc.a(_arm_addsubdf3.o)
                0x00003c1c                __aeabi_drsub
                0x00003c24                __aeabi_dsub
                0x00003c24                __subdf3
                0x00003c28                __aeabi_dadd
                0x00003c28                __adddf3
                0x00003ea0                __floatunsidf
                0x00003ea0                __aeabi_ui2d
                0x00003ec0                __floatsidf
                0x00003ec0                __aeabi_i2d
                0x00003ee4                __aeabi_f2d
                0x00003ee4                __extendsfdf2
                0x00003f28                __floatundidf
                0x00003f28                __aeabi_ul2d
                0x00003f38                __floatdidf
                0x00003f38                __aeabi_l2d
 .text          0x00003f94      0x424 D:/Renesas/RA/e2studio_v2025-12_fsp_v6.4.0/toolchains/gcc_arm/13.2.rel1/bin/../lib/gcc/arm-none-eabi/13.2.1/thumb/v8-m.main+fp/hard\libgcc.a(_arm_muldivdf3.o)
                0x00003f94                __aeabi_dmul
                0x00003f94                __muldf3
                0x000041e8                __divdf3
                0x000041e8                __aeabi_ddiv
 .text          0x000043b8      0x110 D:/Renesas/RA/e2studio_v2025-12_fsp_v6.4.0/toolchains/gcc_arm/13.2.rel1/bin/../lib/gcc/arm-none-eabi/13.2.1/thumb/v8-m.main+fp/hard\libgcc.a(_arm_cmpdf2.o)
                0x000043b8                __gtdf2
                0x000043b8                __gedf2
                0x000043c0                __ltdf2
                0x000043c0                __ledf2
                0x000043c8                __nedf2
                0x000043c8                __eqdf2
                0x000043c8                __cmpdf2
                0x00004444                __aeabi_cdrcmple
                0x00004454                __aeabi_cdcmpeq
                0x00004454                __aeabi_cdcmple
                0x00004464                __aeabi_dcmpeq
                0x00004478                __aeabi_dcmplt
                0x0000448c                __aeabi_dcmple
                0x000044a0                __aeabi_dcmpge
                0x000044b4                __aeabi_dcmpgt
 .text          0x000044c8       0x2c D:/Renesas/RA/e2studio_v2025-12_fsp_v6.4.0/toolchains/gcc_arm/13.2.rel1/bin/../lib/gcc/arm-none-eabi/13.2.1/thumb/v8-m.main+fp/hard\libgcc.a(_arm_unorddf2.o)
                0x000044c8                __unorddf2
                0x000044c8                __aeabi_dcmpun
 .text          0x000044f4       0x50 D:/Renesas/RA/e2studio_v2025-12_fsp_v6.4.0/toolchains/gcc_arm/13.2.rel1/bin/../lib/gcc/arm-none-eabi/13.2.1/thumb/v8-m.main+fp/hard\libgcc.a(_arm_fixdfsi.o)
                0x000044f4                __aeabi_d2iz
                0x000044f4                __fixdfsi
 *(.version)
 .version       0x00004544       0x50 ./ra/fsp/src/bsp/mcu/all/bsp_common.o
 *(.init)
 .init          0x00004594        0x4 D:/Renesas/RA/e2studio_v2025-12_fsp_v6.4.0/toolchains/gcc_arm/13.2.rel1/bin/../lib/gcc/arm-none-eabi/13.2.1/thumb/v8-m.main+fp/hard/crti.o
                0x00004594                _init
 .init          0x00004598        0x8 D:/Renesas/RA/e2studio_v2025-12_fsp_v6.4.0/toolchains/gcc_arm/13.2.rel1/bin/../lib/gcc/arm-none-eabi/13.2.1/thumb/v8-m.main+fp/hard/crtn.o
 *(.fini)
 .fini          0x000045a0        0x4 D:/Renesas/RA/e2studio_v2025-12_fsp_v6.4.0/toolchains/gcc_arm/13.2.rel1/bin/../lib/gcc/arm-none-eabi/13.2.1/thumb/v8-m.main+fp/hard/crti.o
                0x000045a0                _fini
 .fini          0x000045a4        0x8 D:/Renesas/RA/e2studio_v2025-12_fsp_v6.4.0/toolchains/gcc_arm/13.2.rel1/bin/../lib/gcc/arm-none-eabi/13.2.1/thumb/v8-m.main+fp/hard/crtn.o
 *crtbegin.o(.ctors)
 *crtbegin?.o(.ctors)
 *(EXCLUDE_FILE(*crtend.o *crtend?.o) .ctors)
 *(SORT_BY_NAME(.ctors.*))
 *(.ctors)
 *crtbegin.o(.dtors)
 *crtbegin?.o(.dtors)
 *(EXCLUDE_FILE(*crtend.o *crtend?.o) .dtors)
 *(SORT_BY_NAME(.dtors.*))
 *(.dtors)
 *(.rodata*)
 .rodata.hal_entry.str1.4
                0x000045ac        0x4 ./src/hal_entry.o
 .rodata.quad_table.2
                0x000045b0       0x10 ./src/hal_entry.o
 .rodata.asc2_2412
                0x000045c0      0xd5c ./src/oled.o
                0x000045c0                asc2_2412
 .rodata.asc2_1608
                0x0000531c      0x5f0 ./src/oled.o
                0x0000531c                asc2_1608
 .rodata.asc2_1206
                0x0000590c      0x474 ./src/oled.o
                0x0000590c                asc2_1206
 .rodata.asc2_0806
                0x00005d80      0x228 ./src/oled.o
                0x00005d80                asc2_0806
 .rodata.g_bsp_pin_cfg
                0x00005fa8        0xc ./ra_gen/pin_data.o
                0x00005fa8                g_bsp_pin_cfg
 .rodata.g_bsp_pin_cfg_data
                0x00005fb4       0x80 ./ra_gen/pin_data.o
                0x00005fb4                g_bsp_pin_cfg_data
 .rodata.g_interrupt_event_link_select
                0x00006034       0x16 ./ra_gen/vector_data.o
                0x00006034                g_interrupt_event_link_select
 *fill*         0x0000604a        0x2 ff
 .rodata.g_vbatt_pins_input
                0x0000604c        0x6 ./ra/fsp/src/r_ioport/r_ioport.o
 *fill*         0x00006052        0x2 ff
 .rodata.g_prcr_masks
                0x00006054        0x8 ./ra/fsp/src/bsp/mcu/all/bsp_register_protection.o
 .rodata._printf_float.str1.1
                0x0000605c      0x104 D:/Renesas/RA/e2studio_v2025-12_fsp_v6.4.0/toolchains/gcc_arm/13.2.rel1/bin/../lib/gcc/arm-none-eabi/13.2.1/thumb/v8-m.main+fp/hard\libg_nano.a(libc_a-nano-vfprintf_float.o)
                                 0x12 (size before relaxing)
 .rodata._dtoa_r.str1.1
                0x00006160       0x90 D:/Renesas/RA/e2studio_v2025-12_fsp_v6.4.0/toolchains/gcc_arm/13.2.rel1/bin/../lib/gcc/arm-none-eabi/13.2.1/thumb/v8-m.main+fp/hard\libg_nano.a(libc_a-dtoa.o)
 .rodata._Balloc.str1.1
                0x00006160       0x71 D:/Renesas/RA/e2studio_v2025-12_fsp_v6.4.0/toolchains/gcc_arm/13.2.rel1/bin/../lib/gcc/arm-none-eabi/13.2.1/thumb/v8-m.main+fp/hard\libg_nano.a(libc_a-mprec.o)
 .rodata.__multadd.str1.1
                0x00006160       0x11 D:/Renesas/RA/e2studio_v2025-12_fsp_v6.4.0/toolchains/gcc_arm/13.2.rel1/bin/../lib/gcc/arm-none-eabi/13.2.1/thumb/v8-m.main+fp/hard\libg_nano.a(libc_a-mprec.o)
 .rodata.p05.0  0x00006160        0xc D:/Renesas/RA/e2studio_v2025-12_fsp_v6.4.0/toolchains/gcc_arm/13.2.rel1/bin/../lib/gcc/arm-none-eabi/13.2.1/thumb/v8-m.main+fp/hard\libg_nano.a(libc_a-mprec.o)
 *fill*         0x0000616c        0x4 ff
 .rodata.__mprec_bigtens
                0x00006170       0x28 D:/Renesas/RA/e2studio_v2025-12_fsp_v6.4.0/toolchains/gcc_arm/13.2.rel1/bin/../lib/gcc/arm-none-eabi/13.2.1/thumb/v8-m.main+fp/hard\libg_nano.a(libc_a-mprec.o)
                0x00006170                __mprec_bigtens
 .rodata.__mprec_tens
                0x00006198       0xc8 D:/Renesas/RA/e2studio_v2025-12_fsp_v6.4.0/toolchains/gcc_arm/13.2.rel1/bin/../lib/gcc/arm-none-eabi/13.2.1/thumb/v8-m.main+fp/hard\libg_nano.a(libc_a-mprec.o)
                0x00006198                __mprec_tens
 .rodata._setlocale_r.str1.1
                0x00006260        0x9 D:/Renesas/RA/e2studio_v2025-12_fsp_v6.4.0/toolchains/gcc_arm/13.2.rel1/bin/../lib/gcc/arm-none-eabi/13.2.1/thumb/v8-m.main+fp/hard\libg_nano.a(libc_a-locale.o)
 .rodata.str1.1
                0x00006260        0x2 D:/Renesas/RA/e2studio_v2025-12_fsp_v6.4.0/toolchains/gcc_arm/13.2.rel1/bin/../lib/gcc/arm-none-eabi/13.2.1/thumb/v8-m.main+fp/hard\libg_nano.a(libc_a-locale.o)
 .rodata._ctype_
                0x00006260      0x101 D:/Renesas/RA/e2studio_v2025-12_fsp_v6.4.0/toolchains/gcc_arm/13.2.rel1/bin/../lib/gcc/arm-none-eabi/13.2.1/thumb/v8-m.main+fp/hard\libg_nano.a(libc_a-ctype_.o)
                0x00006260                _ctype_
                0x00006361                        __usb_dev_descriptor_start_fs = .
 *(.usb_device_desc_fs*)
                0x00006361                        __usb_cfg_descriptor_start_fs = .
 *(.usb_config_desc_fs*)
                0x00006361                        __usb_interface_descriptor_start_fs = .
 *(.usb_interface_desc_fs*)
                0x00006361                        __usb_descriptor_end_fs = .
                0x00006361                        __usb_dev_descriptor_start_hs = .
 *(.usb_device_desc_hs*)
                0x00006361                        __usb_cfg_descriptor_start_hs = .
 *(.usb_config_desc_hs*)
                0x00006361                        __usb_interface_descriptor_start_hs = .
 *(.usb_interface_desc_hs*)
                0x00006361                        __usb_descriptor_end_hs = .
 *(.eh_frame*)
 *fill*         0x00006361        0x3 ff
 .eh_frame      0x00006364        0x0 D:/Renesas/RA/e2studio_v2025-12_fsp_v6.4.0/toolchains/gcc_arm/13.2.rel1/bin/../lib/gcc/arm-none-eabi/13.2.1/thumb/v8-m.main+fp/hard/crtbegin.o
 .eh_frame      0x00006364       0x28 D:/Renesas/RA/e2studio_v2025-12_fsp_v6.4.0/toolchains/gcc_arm/13.2.rel1/bin/../lib/gcc/arm-none-eabi/13.2.1/thumb/v8-m.main+fp/hard\libg_nano.a(libc_a-strlen.o)
 .eh_frame      0x0000638c        0x4 D:/Renesas/RA/e2studio_v2025-12_fsp_v6.4.0/toolchains/gcc_arm/13.2.rel1/bin/../lib/gcc/arm-none-eabi/13.2.1/thumb/v8-m.main+fp/hard/crtend.o
                0x00006390                        __ROM_End = .
                0x0000006c                        __Vectors_Size = (__Vectors_End - __Vectors)

.glue_7         0x00006390        0x0
 .glue_7        0x00006390        0x0 linker stubs

.glue_7t        0x00006390        0x0
 .glue_7t       0x00006390        0x0 linker stubs

.vfp11_veneer   0x00006390        0x0
 .vfp11_veneer  0x00006390        0x0 linker stubs

.v4_bx          0x00006390        0x0
 .v4_bx         0x00006390        0x0 linker stubs

.iplt           0x00006390        0x0
 .iplt          0x00006390        0x0 D:/Renesas/RA/e2studio_v2025-12_fsp_v6.4.0/toolchains/gcc_arm/13.2.rel1/bin/../lib/gcc/arm-none-eabi/13.2.1/thumb/v8-m.main+fp/hard/crtbegin.o
                0x00006390                        . = .
                0x00006390                        __itcm_data_pre_location = .

.itcm_data      0x00000000        0x0 load address 0x00006390
                0x00000000                        __tz_ITCM_S = ABSOLUTE (ITCM_START)
                0x00000000                        __itcm_data_start = .
 *(.itcm_data*)
                0x00000000                        . = ALIGN (0x8)
                0x00000000                        __itcm_data_end = .
                0x00000000                        __tz_ITCM_N = DEFINED (ITCM_NS_START)?ABSOLUTE (ITCM_NS_START):ALIGN (__itcm_data_end, 0x2000)
                0x00006390                        __itcm_data_init_start = LOADADDR (.itcm_data)
                0x00006390                        __itcm_data_init_end = (LOADADDR (.itcm_data) + SIZEOF (.itcm_data))
                0x00000001                        ASSERT (((ORIGIN (ITCM) % 0x8) == 0x0), ITCM memory region origin must be aligned to 8 bytes.)
                0x00000001                        ASSERT (((LENGTH (ITCM) % 0x8) == 0x0), ITCM memory region length must be a multiple of 8 bytes.)
                0x00000001                        ASSERT (((LOADADDR (.itcm_data) % 0x10) == 0x0), .itcm_data section must be aligned to 16 bytes.)
                0x00000001                        ASSERT (((SIZEOF (.itcm_data) % 0x8) == 0x0), .itcm_data section size must be a multiple of 8 bytes.)
                0x00006390                        . = (SIZEOF (.itcm_data) > 0x0)?__itcm_data_init_end:__itcm_data_pre_location
                0x00006390                        __exidx_start = .

/DISCARD/
 *(.ARM.extab* .gnu.linkonce.armextab.*)
 *(.ARM.exidx* .gnu.linkonce.armexidx.*)
                0x00006390                        __exidx_end = .
                0x00006390                        __etext = .
                0x20000000                        __tz_RAM_S = ORIGIN (RAM)

.fsp_dtc_vector_table
                0x20000000        0x0
                0x20000000                        . = ORIGIN (RAM)
 *(.fsp_dtc_vector_table)

.data           0x20000000      0x1dc load address 0x00006390
                0x20000000                        __data_start__ = .
                0x20000000                        . = ALIGN (0x4)
                0x20000000                        __Code_In_RAM_Start = .
 *(.code_in_ram*)
                0x20000000                        __Code_In_RAM_End = .
 *(vtable)
 *(.data.*)
 .data.g_motor_gate_allow_run
                0x20000000        0x1 ./src/hal_entry.o
 *fill*         0x20000001        0x3 
 .data.g_conveyor
                0x20000004       0x14 ./src/hal_entry.o
 .data._impure_ptr
                0x20000018        0x4 D:/Renesas/RA/e2studio_v2025-12_fsp_v6.4.0/toolchains/gcc_arm/13.2.rel1/bin/../lib/gcc/arm-none-eabi/13.2.1/thumb/v8-m.main+fp/hard\libg_nano.a(libc_a-impure.o)
                0x20000018                _impure_ptr
 .data._impure_data
                0x2000001c       0x4c D:/Renesas/RA/e2studio_v2025-12_fsp_v6.4.0/toolchains/gcc_arm/13.2.rel1/bin/../lib/gcc/arm-none-eabi/13.2.1/thumb/v8-m.main+fp/hard\libg_nano.a(libc_a-impure.o)
                0x2000001c                _impure_data
 .data.__global_locale
                0x20000068      0x16c D:/Renesas/RA/e2studio_v2025-12_fsp_v6.4.0/toolchains/gcc_arm/13.2.rel1/bin/../lib/gcc/arm-none-eabi/13.2.1/thumb/v8-m.main+fp/hard\libg_nano.a(libc_a-locale.o)
                0x20000068                __global_locale
 *(.data)
                0x200001d4                        . = ALIGN (0x4)
                0x200001d4                        PROVIDE (__preinit_array_start = .)
 *(.preinit_array)
                0x200001d4                        PROVIDE (__preinit_array_end = .)
                0x200001d4                        . = ALIGN (0x4)
                0x200001d4                        PROVIDE (__init_array_start = .)
 *(SORT_BY_NAME(.init_array.*))
 *(.init_array)
 .init_array    0x200001d4        0x4 D:/Renesas/RA/e2studio_v2025-12_fsp_v6.4.0/toolchains/gcc_arm/13.2.rel1/bin/../lib/gcc/arm-none-eabi/13.2.1/thumb/v8-m.main+fp/hard/crtbegin.o
                0x200001d8                        PROVIDE (__init_array_end = .)
                0x200001d8                        . = ALIGN (0x4)
                [!provide]                        PROVIDE (__fini_array_start = .)
 *(SORT_BY_NAME(.fini_array.*))
 *(.fini_array)
 .fini_array    0x200001d8        0x4 D:/Renesas/RA/e2studio_v2025-12_fsp_v6.4.0/toolchains/gcc_arm/13.2.rel1/bin/../lib/gcc/arm-none-eabi/13.2.1/thumb/v8-m.main+fp/hard/crtbegin.o
                [!provide]                        PROVIDE (__fini_array_end = .)
 *(.jcr*)
                0x200001dc                        . = ALIGN (0x4)
                0x200001dc                        __data_end__ = .

.tm_clone_table
                0x200001dc        0x0 load address 0x0000656c
 .tm_clone_table
                0x200001dc        0x0 D:/Renesas/RA/e2studio_v2025-12_fsp_v6.4.0/toolchains/gcc_arm/13.2.rel1/bin/../lib/gcc/arm-none-eabi/13.2.1/thumb/v8-m.main+fp/hard/crtbegin.o
 .tm_clone_table
                0x200001dc        0x0 D:/Renesas/RA/e2studio_v2025-12_fsp_v6.4.0/toolchains/gcc_arm/13.2.rel1/bin/../lib/gcc/arm-none-eabi/13.2.1/thumb/v8-m.main+fp/hard/crtend.o

.igot.plt       0x200001dc        0x0 load address 0x0000656c
 .igot.plt      0x200001dc        0x0 D:/Renesas/RA/e2studio_v2025-12_fsp_v6.4.0/toolchains/gcc_arm/13.2.rel1/bin/../lib/gcc/arm-none-eabi/13.2.1/thumb/v8-m.main+fp/hard/crtbegin.o
                0x200001dc                        . = .
                0x0000656c                        __dtcm_data_pre_location = (LOADADDR (.data) + SIZEOF (.data))

.dtcm_data      0x00000000        0x0 load address 0x00006570
                0x00000000                        __tz_DTCM_S = ABSOLUTE (DTCM_START)
                0x00000000                        __dtcm_data_start = .
 *(.dtcm_data*)
                0x00000000                        . = ALIGN (0x8)
                0x00000000                        __dtcm_data_end = .
                0x00000000                        . = __dtcm_data_end

.dtcm_bss       0x00000000        0x0
                0x00000000                        __dtcm_bss_start = .
 *(.dtcm_bss*)
                0x00000000                        . = ALIGN (0x8)
                0x00000000                        __dtcm_bss_end = .
                0x00000000                        __tz_DTCM_N = DEFINED (DTCM_NS_START)?ABSOLUTE (DTCM_NS_START):ALIGN (__dtcm_bss_end, 0x2000)
                0x00006570                        __dtcm_data_init_start = LOADADDR (.dtcm_data)
                0x00006570                        __dtcm_data_init_end = (LOADADDR (.dtcm_data) + SIZEOF (.dtcm_data))
                0x00000001                        ASSERT (((ORIGIN (DTCM) % 0x8) == 0x0), DTCM memory region origin must be aligned to 8 bytes.)
                0x00000001                        ASSERT (((LENGTH (DTCM) % 0x8) == 0x0), DTCM memory region length must be a multiple of 8 bytes.)
                0x00000001                        ASSERT ((LOADADDR (.dtcm_bss) == ADDR (.dtcm_bss)), .dtcm_bss has (VMA != LMA) but should be NOLOAD (VMA == LMA).)
                0x00000001                        ASSERT (((LOADADDR (.dtcm_data) % 0x10) == 0x0), .dtcm_data section must be aligned to 16 bytes.)
                0x00000001                        ASSERT (((SIZEOF (.dtcm_data) % 0x8) == 0x0), .dtcm_data section size must be a multiple of 8 bytes.)
                0x00000001                        ASSERT (((LOADADDR (.dtcm_bss) % 0x8) == 0x0), .dtcm_bss section must be aligned to 8 bytes.)
                0x00000001                        ASSERT (((SIZEOF (.dtcm_bss) % 0x8) == 0x0), .dtcm_bss section size must be a multiple of 8 bytes.)
                0x00000001                        ASSERT ((__dtcm_bss_start == __dtcm_data_end), .dtcm_bss section is not adjacent to .dtcm_data section.)
                0x0000656c                        . = (SIZEOF (.dtcm_data) > 0x0)?__dtcm_data_init_end:__dtcm_data_pre_location
                0x0000656c                        sgstubs_pre_location = .
                0x00006800                        SGSTUBS_LOC = (DEFINED (PROJECT_SECURE) && DEFINED (FLASH_NSC_START))?ABSOLUTE (FLASH_NSC_START):ALIGN (0x400)

.gnu.sgstubs    0x00006800        0x0
                0x00006800                        __tz_FLASH_C = DEFINED (FLASH_NSC_START)?ABSOLUTE (FLASH_NSC_START):__RESERVE_NS_RAM?ABSOLUTE ((FLASH_START + FLASH_LENGTH)):ALIGN (0x400)
                0x00006800                        _start_sg = .
 *(.gnu.sgstubs*)
                0x00006800                        . = ALIGN (0x20)
                0x00006800                        _end_sg = .
                0x00008000                        __tz_FLASH_N = DEFINED (FLASH_NS_START)?ABSOLUTE (FLASH_NS_START):__RESERVE_NS_RAM?ABSOLUTE ((FLASH_START + FLASH_LENGTH)):(FLASH_LENGTH < 0x8000)?FLASH_LENGTH:ALIGN (0x8000)
                0x00008000                        FLASH_NS_IMAGE_START = DEFINED (FLASH_NS_IMAGE_START)?FLASH_NS_IMAGE_START:__tz_FLASH_N
                0x60000000                        __tz_QSPI_FLASH_S = ORIGIN (QSPI_FLASH)

.qspi_flash     0x60000000        0x0
                0x60000000                        __qspi_flash_start__ = .
 *(.qspi_flash*)
 *(.code_in_qspi*)
                0x60000000                        __qspi_flash_end__ = .
                0x00000000                        __qspi_flash_code_size__ = (__qspi_flash_end__ - __qspi_flash_start__)
                0x0000656c                        __qspi_flash_code_addr__ = sgstubs_pre_location

.qspi_non_retentive
                0x60000000        0x0 load address 0x0000656c
                0x60000000                        __qspi_non_retentive_start__ = .
 *(.qspi_non_retentive*)
                0x60000000                        __qspi_non_retentive_end__ = .
                0x00000000                        __qspi_non_retentive_size__ = (__qspi_non_retentive_end__ - __qspi_non_retentive_start__)
                0x04000000                        __qspi_region_max_size__ = 0x4000000
                0x60000000                        __qspi_region_start_address__ = __qspi_flash_start__
                0x64000000                        __qspi_region_end_address__ = (__qspi_flash_start__ + __qspi_region_max_size__)
                0x60000000                        __tz_QSPI_FLASH_N = __qspi_non_retentive_end__

.OSPI_DEVICE_0_NO_LOAD
                0x80020000        0x0
                0x80020000                        . = ALIGN (0x4)
                0x80020000                        __ospi_device_0_start__ = .
 *(.ospi_device_0_no_load*)
                0x80020000                        . = ALIGN (0x4)
                0x80020000                        __ospi_device_0_end__ = .

.OSPI_DEVICE_1_NO_LOAD
                0x80030000        0x0
                0x80030000                        . = ALIGN (0x4)
                0x80030000                        __ospi_device_1_start__ = .
 *(.ospi_device_1_no_load*)
                0x80030000                        . = ALIGN (0x4)
                0x80030000                        __ospi_device_1_end__ = .
                0x80020000                        __tz_OSPI_DEVICE_0_S = ORIGIN (OSPI_DEVICE_0)

.OSPI_DEVICE_0  0x80020000        0x0
                0x80020000                        __ospi_device_0_start__ = .
 *(.ospi_device_0*)
 *(.code_in_ospi_device_0*)
                0x80020000                        __ospi_device_0_end__ = .
                0x00000000                        __ospi_device_0_code_size__ = (__ospi_device_0_end__ - __ospi_device_0_start__)
                0x0000656c                        __ospi_device_0_code_addr__ = (sgstubs_pre_location + SIZEOF (.qspi_non_retentive))

.ospi_device_0_non_retentive
                0x80020000        0x0 load address 0x0000656c
                0x80020000                        __ospi_device_0_non_retentive_start__ = .
 *(.ospi_device_0_non_retentive*)
                0x80020000                        __ospi_device_0_non_retentive_end__ = .
                0x00000000                        __ospi_device_0_non_retentive_size__ = (__ospi_device_0_non_retentive_end__ - __ospi_device_0_non_retentive_start__)
                0x08000000                        __ospi_device_0_region_max_size__ = 0x8000000
                0x80020000                        __ospi_device_0_region_start_address__ = __ospi_device_0_start__
                0x88020000                        __ospi_device_0_region_end_address__ = (__ospi_device_0_start__ + __ospi_device_0_region_max_size__)
                0x80020000                        __tz_OSPI_DEVICE_0_N = __ospi_device_0_non_retentive_end__
                0x80030000                        __tz_OSPI_DEVICE_1_S = ORIGIN (OSPI_DEVICE_1)

.OSPI_DEVICE_1  0x80030000        0x0
                0x80030000                        __ospi_device_1_start__ = .
 *(.ospi_device_1*)
 *(.code_in_ospi_device_1*)
                0x80030000                        __ospi_device_1_end__ = .
                0x00000000                        __ospi_device_1_code_size__ = (__ospi_device_1_end__ - __ospi_device_1_start__)
                0x0000656c                        __ospi_device_1_code_addr__ = (sgstubs_pre_location + (SIZEOF (.qspi_non_retentive) + SIZEOF (.ospi_device_0_non_retentive)))

.ospi_device_1_non_retentive
                0x80030000        0x0 load address 0x0000656c
                0x80030000                        __ospi_device_1_non_retentive_start__ = .
 *(.ospi_device_1_non_retentive*)
                0x80030000                        __ospi_device_1_non_retentive_end__ = .
                0x00000000                        __ospi_device_1_non_retentive_size__ = (__ospi_device_1_non_retentive_end__ - __ospi_device_1_non_retentive_start__)
                0x10000000                        __ospi_device_1_region_max_size__ = 0x10000000
                0x80030000                        __ospi_device_1_region_start_address__ = __ospi_device_1_start__
                0x90030000                        __ospi_device_1_region_end_address__ = (__ospi_device_1_start__ + __ospi_device_1_region_max_size__)
                0x80030000                        __tz_OSPI_DEVICE_1_N = __ospi_device_1_non_retentive_end__

.noinit         0x200001dc       0x1c
                0x200001dc                        . = ALIGN (0x4)
                0x200001dc                        __noinit_start = .
 *(.noinit*)
 .noinit        0x200001dc       0x1c ./ra/fsp/src/bsp/mcu/all/bsp_clocks.o
                0x200001f8                        . = ALIGN (0x8)
 *(.heap.*)
                0x200001f8                        __noinit_end = .

.bss            0x200001f8      0x684
                0x200001f8                        . = ALIGN (0x4)
                0x200001f8                        __bss_start__ = .
 *(.bss*)
 .bss.completed.1
                0x200001f8        0x1 D:/Renesas/RA/e2studio_v2025-12_fsp_v6.4.0/toolchains/gcc_arm/13.2.rel1/bin/../lib/gcc/arm-none-eabi/13.2.1/thumb/v8-m.main+fp/hard/crtbegin.o
 *fill*         0x200001f9        0x3 
 .bss.object.0  0x200001fc       0x18 D:/Renesas/RA/e2studio_v2025-12_fsp_v6.4.0/toolchains/gcc_arm/13.2.rel1/bin/../lib/gcc/arm-none-eabi/13.2.1/thumb/v8-m.main+fp/hard/crtbegin.o
 .bss.s_speed_acc_ms.0
                0x20000214        0x4 ./src/hal_entry.o
 .bss.s_speed_acc_cnt.1
                0x20000218        0x4 ./src/hal_entry.o
 .bss.g_belt_speed_disp_mps
                0x2000021c        0x4 ./src/hal_entry.o
 .bss.g_gate_low_ms
                0x20000220        0x4 ./src/hal_entry.o
 .bss.g_uptime_ms
                0x20000224        0x4 ./src/hal_entry.o
 .bss.g_pwm_phase
                0x20000228        0x1 ./src/hal_entry.o
 .bss.g_encoder_prev_ab
                0x20000229        0x1 ./src/hal_entry.o
 *fill*         0x2000022a        0x2 
 .bss.g_encoder_count_last
                0x2000022c        0x4 ./src/hal_entry.o
 .bss.g_encoder_count
                0x20000230        0x4 ./src/hal_entry.o
 .bss.OLED_GRAM
                0x20000234      0x480 ./src/oled.o
                0x20000234                OLED_GRAM
 .bss.g_ioport_ctrl
                0x200006b4        0x8 ./ra_gen/common_data.o
                0x200006b4                g_ioport_ctrl
 .bss.g_bsp_group_irq_sources
                0x200006bc       0x38 ./ra/fsp/src/bsp/mcu/all/bsp_group_irq.o
                0x200006bc                g_bsp_group_irq_sources
 .bss.g_protect_pfswe_counter
                0x200006f4        0x4 ./ra/fsp/src/bsp/mcu/all/bsp_io.o
                0x200006f4                g_protect_pfswe_counter
 .bss.gp_renesas_isr_context
                0x200006f8       0x2c ./ra/fsp/src/bsp/mcu/all/bsp_irq.o
                0x200006f8                gp_renesas_isr_context
 .bss.g_protect_counters
                0x20000724        0x8 ./ra/fsp/src/bsp/mcu/all/bsp_register_protection.o
                0x20000724                g_protect_counters
 .bss.current_heap_end.0
                0x2000072c        0x4 ./ra/fsp/src/bsp/mcu/all/bsp_sbrk.o
 .bss.SystemCoreClock
                0x20000730        0x4 ./ra/fsp/src/bsp/cmsis/Device/RENESAS/Source/system.o
                0x20000730                SystemCoreClock
 .bss.__sf      0x20000734      0x138 D:/Renesas/RA/e2studio_v2025-12_fsp_v6.4.0/toolchains/gcc_arm/13.2.rel1/bin/../lib/gcc/arm-none-eabi/13.2.1/thumb/v8-m.main+fp/hard\libg_nano.a(libc_a-findfp.o)
                0x20000734                __sf
 .bss.errno     0x2000086c        0x4 D:/Renesas/RA/e2studio_v2025-12_fsp_v6.4.0/toolchains/gcc_arm/13.2.rel1/bin/../lib/gcc/arm-none-eabi/13.2.1/thumb/v8-m.main+fp/hard\libg_nano.a(libc_a-reent.o)
                0x2000086c                errno
 .bss.__lock___malloc_recursive_mutex
                0x20000870        0x1 D:/Renesas/RA/e2studio_v2025-12_fsp_v6.4.0/toolchains/gcc_arm/13.2.rel1/bin/../lib/gcc/arm-none-eabi/13.2.1/thumb/v8-m.main+fp/hard\libg_nano.a(libc_a-lock.o)
                0x20000870                __lock___malloc_recursive_mutex
 *fill*         0x20000871        0x3 
 .bss.__malloc_sbrk_start
                0x20000874        0x4 D:/Renesas/RA/e2studio_v2025-12_fsp_v6.4.0/toolchains/gcc_arm/13.2.rel1/bin/../lib/gcc/arm-none-eabi/13.2.1/thumb/v8-m.main+fp/hard\libg_nano.a(libc_a-mallocr.o)
                0x20000874                __malloc_sbrk_start
 .bss.__malloc_free_list
                0x20000878        0x4 D:/Renesas/RA/e2studio_v2025-12_fsp_v6.4.0/toolchains/gcc_arm/13.2.rel1/bin/../lib/gcc/arm-none-eabi/13.2.1/thumb/v8-m.main+fp/hard\libg_nano.a(libc_a-mallocr.o)
                0x20000878                __malloc_free_list
 *(COMMON)
                0x2000087c                        . = ALIGN (0x4)
                0x2000087c                        __bss_end__ = .

.heap           0x20000880     0x2000
                0x20000880                        . = ALIGN (0x8)
                0x20000880                        __HeapBase = .
 *(.heap)
 .heap          0x20000880     0x2000 ./ra/fsp/src/bsp/cmsis/Device/RENESAS/Source/startup.o
                0x20002880                        __HeapLimit = .

.stack_dummy    0x20002880      0x400
                0x20002880                        . = ALIGN (0x8)
                0x20002880                        __StackLimit = .
 *(.stack)
 .stack         0x20002880      0x400 ./ra/fsp/src/bsp/cmsis/Device/RENESAS/Source/startup.o
                0x20002c80                        __StackTop = .
 *(.stack*)
                0x20002c80                        __StackTopAll = .
                0x20002c80                        PROVIDE (__stack = __StackTopAll)
                0x20002c80                        __RAM_segment_used_end__ = ALIGN (__StackTopAll, 0x4)
                0x20003000                        __tz_RAM_C = DEFINED (RAM_NSC_START)?ABSOLUTE ((RAM_NSC_START - RAM_NS_BUFFER_BLOCK_LENGTH)):__RESERVE_NS_RAM?ABSOLUTE (RAM_NS_BUFFER_BLOCK_START):ALIGN (__RAM_segment_used_end__, 0x400)
                0x20004000                        __tz_RAM_N = DEFINED (RAM_NS_START)?ABSOLUTE ((RAM_NS_START - RAM_NS_BUFFER_BLOCK_LENGTH)):__RESERVE_NS_RAM?ABSOLUTE (RAM_NS_BUFFER_BLOCK_START):ALIGN (__tz_RAM_C, 0x2000)

.ns_buffer      0x20002c80        0x0
                0x20002c80                        . = __RESERVE_NS_RAM?ABSOLUTE ((RAM_NS_BUFFER_START & 0xffffffe0)):.
 *(.ns_buffer*)

.data_flash     0x08000000        0x0
                0x08000000                        . = ORIGIN (DATA_FLASH)
                0x08000000                        __tz_DATA_FLASH_S = .
                0x08000000                        __Data_Flash_Start = .
 *(.data_flash*)
                0x08000000                        __Data_Flash_End = .
                0x08000000                        __tz_DATA_FLASH_N = DEFINED (DATA_FLASH_NS_START)?ABSOLUTE (DATA_FLASH_NS_START):__RESERVE_NS_RAM?ABSOLUTE ((DATA_FLASH_START + DATA_FLASH_LENGTH)):ALIGN (0x400)
                0x80010000                        __tz_SDRAM_S = ORIGIN (SDRAM)

.sdram          0x80010000        0x0
                0x80010000                        __SDRAM_Start = .
 *(.sdram*)
 *(.frame*)
                0x80010000                        __SDRAM_End = .
                0x80010000                        __tz_SDRAM_N = __SDRAM_End
                0x00000000                        __tz_ID_CODE_S = ORIGIN (ID_CODE)
                0x00000000                        __tz_ID_CODE_N = __tz_ID_CODE_S

.id_code        0x00000000        0x0
                0x00000000                        __ID_Code_Start = .
 *(.id_code*)
                0x00000000                        __ID_Code_End = .
                0x0100a100                        __tz_OPTION_SETTING_S = ORIGIN (OPTION_SETTING_OFS)

.option_setting_ofs
                0x0100a100       0x10
                0x0100a100                        __OPTION_SETTING_OFS_Start = .
 *(.option_setting_ofs0)
 .option_setting_ofs0
                0x0100a100        0x4 ./ra/fsp/src/bsp/mcu/all/bsp_rom_registers.o
                0x0100a104                        . = PROJECT_SECURE_OR_FLAT?(__OPTION_SETTING_OFS_Start + 0x4):__OPTION_SETTING_OFS_Start
 *(.option_setting_ofs2)
                0x0100a110                        . = PROJECT_SECURE_OR_FLAT?(__OPTION_SETTING_OFS_Start + 0x10):__OPTION_SETTING_OFS_Start
 *fill*         0x0100a104        0xc ff
 *(.option_setting_dualsel)
                0x0100a110                        __OPTION_SETTING_OFS_End = .

.option_setting_sas
                0x0100a134        0x4
                0x0100a134                        __OPTION_SETTING_SAS_Start = .
 *(.option_setting_sas)
 .option_setting_sas
                0x0100a134        0x4 ./ra/fsp/src/bsp/mcu/all/bsp_rom_registers.o
                0x0100a138                        __OPTION_SETTING_SAS_End = .
                0x0100a180                        __tz_OPTION_SETTING_N = ABSOLUTE (OPTION_SETTING_START_NS)

.option_setting_ns
                0x0100a100        0x0
                0x0100a100                        __OPTION_SETTING_NS_Start = .
 *(.option_setting_ofs1)
                0x0100a100                        . = USE_OPTION_SETTING_NS?(__OPTION_SETTING_NS_Start + 0x4):__OPTION_SETTING_NS_Start
 *(.option_setting_ofs3)
                0x0100a100                        . = USE_OPTION_SETTING_NS?(__OPTION_SETTING_NS_Start + 0x10):__OPTION_SETTING_NS_Start
 *(.option_setting_banksel)
                0x0100a100                        . = USE_OPTION_SETTING_NS?(__OPTION_SETTING_NS_Start + 0x40):__OPTION_SETTING_NS_Start
 *(.option_setting_bps0)
                0x0100a100                        . = USE_OPTION_SETTING_NS?(__OPTION_SETTING_NS_Start + 0x44):__OPTION_SETTING_NS_Start
 *(.option_setting_bps1)
                0x0100a100                        . = USE_OPTION_SETTING_NS?(__OPTION_SETTING_NS_Start + 0x48):__OPTION_SETTING_NS_Start
 *(.option_setting_bps2)
                0x0100a100                        . = USE_OPTION_SETTING_NS?(__OPTION_SETTING_NS_Start + 0x4c):__OPTION_SETTING_NS_Start
 *(.option_setting_bps3)
                0x0100a100                        . = USE_OPTION_SETTING_NS?(__OPTION_SETTING_NS_Start + 0x60):__OPTION_SETTING_NS_Start
 *(.option_setting_pbps0)
                0x0100a100                        . = USE_OPTION_SETTING_NS?(__OPTION_SETTING_NS_Start + 0x64):__OPTION_SETTING_NS_Start
 *(.option_setting_pbps1)
                0x0100a100                        . = USE_OPTION_SETTING_NS?(__OPTION_SETTING_NS_Start + 0x68):__OPTION_SETTING_NS_Start
 *(.option_setting_pbps2)
                0x0100a100                        . = USE_OPTION_SETTING_NS?(__OPTION_SETTING_NS_Start + 0x6c):__OPTION_SETTING_NS_Start
 *(.option_setting_pbps3)
                0x0100a100                        __OPTION_SETTING_NS_End = .
                0x0100a200                        __tz_OPTION_SETTING_S_S = ORIGIN (OPTION_SETTING_S)

.option_setting_s
                0x0100a200       0xd0
                0x0100a200                        __OPTION_SETTING_S_Start = .
 *(.option_setting_ofs1_sec)
 .option_setting_ofs1_sec
                0x0100a200        0x4 ./ra/fsp/src/bsp/mcu/all/bsp_rom_registers.o
                0x0100a204                        . = PROJECT_SECURE_OR_FLAT?(__OPTION_SETTING_S_Start + 0x4):__OPTION_SETTING_S_Start
 *(.option_setting_ofs3_sec)
                0x0100a210                        . = PROJECT_SECURE_OR_FLAT?(__OPTION_SETTING_S_Start + 0x10):__OPTION_SETTING_S_Start
 *fill*         0x0100a204        0xc ff
 *(.option_setting_banksel_sec)
 .option_setting_banksel_sec
                0x0100a210        0x4 ./ra/fsp/src/bsp/mcu/all/bsp_rom_registers.o
                0x0100a240                        . = PROJECT_SECURE_OR_FLAT?(__OPTION_SETTING_S_Start + 0x40):__OPTION_SETTING_S_Start
 *fill*         0x0100a214       0x2c ff
 *(.option_setting_bps_sec0)
 .option_setting_bps_sec0
                0x0100a240        0x4 ./ra/fsp/src/bsp/mcu/all/bsp_rom_registers.o
                0x0100a244                        . = PROJECT_SECURE_OR_FLAT?(__OPTION_SETTING_S_Start + 0x44):__OPTION_SETTING_S_Start
 *(.option_setting_bps_sec1)
 .option_setting_bps_sec1
                0x0100a244        0x4 ./ra/fsp/src/bsp/mcu/all/bsp_rom_registers.o
                0x0100a248                        . = PROJECT_SECURE_OR_FLAT?(__OPTION_SETTING_S_Start + 0x48):__OPTION_SETTING_S_Start
 *(.option_setting_bps_sec2)
 .option_setting_bps_sec2
                0x0100a248        0x4 ./ra/fsp/src/bsp/mcu/all/bsp_rom_registers.o
                0x0100a24c                        . = PROJECT_SECURE_OR_FLAT?(__OPTION_SETTING_S_Start + 0x4c):__OPTION_SETTING_S_Start
 *(.option_setting_bps_sec3)
 .option_setting_bps_sec3
                0x0100a24c        0x4 ./ra/fsp/src/bsp/mcu/all/bsp_rom_registers.o
                0x0100a260                        . = PROJECT_SECURE_OR_FLAT?(__OPTION_SETTING_S_Start + 0x60):__OPTION_SETTING_S_Start
 *fill*         0x0100a250       0x10 ff
 *(.option_setting_pbps_sec0)
 .option_setting_pbps_sec0
                0x0100a260        0x4 ./ra/fsp/src/bsp/mcu/all/bsp_rom_registers.o
                0x0100a264                        . = PROJECT_SECURE_OR_FLAT?(__OPTION_SETTING_S_Start + 0x64):__OPTION_SETTING_S_Start
 *(.option_setting_pbps_sec1)
 .option_setting_pbps_sec1
                0x0100a264        0x4 ./ra/fsp/src/bsp/mcu/all/bsp_rom_registers.o
                0x0100a268                        . = PROJECT_SECURE_OR_FLAT?(__OPTION_SETTING_S_Start + 0x68):__OPTION_SETTING_S_Start
 *(.option_setting_pbps_sec2)
 .option_setting_pbps_sec2
                0x0100a268        0x4 ./ra/fsp/src/bsp/mcu/all/bsp_rom_registers.o
                0x0100a26c                        . = PROJECT_SECURE_OR_FLAT?(__OPTION_SETTING_S_Start + 0x6c):__OPTION_SETTING_S_Start
 *(.option_setting_pbps_sec3)
 .option_setting_pbps_sec3
                0x0100a26c        0x4 ./ra/fsp/src/bsp/mcu/all/bsp_rom_registers.o
                0x0100a280                        . = PROJECT_SECURE_OR_FLAT?(__OPTION_SETTING_S_Start + 0x80):__OPTION_SETTING_S_Start
 *fill*         0x0100a270       0x10 ff
 *(.option_setting_ofs1_sel)
 .option_setting_ofs1_sel
                0x0100a280        0x4 ./ra/fsp/src/bsp/mcu/all/bsp_rom_registers.o
                0x0100a284                        . = PROJECT_SECURE_OR_FLAT?(__OPTION_SETTING_S_Start + 0x84):__OPTION_SETTING_S_Start
 *(.option_setting_ofs3_sel)
                0x0100a290                        . = PROJECT_SECURE_OR_FLAT?(__OPTION_SETTING_S_Start + 0x90):__OPTION_SETTING_S_Start
 *fill*         0x0100a284        0xc ff
 *(.option_setting_banksel_sel)
                0x0100a2c0                        . = PROJECT_SECURE_OR_FLAT?(__OPTION_SETTING_S_Start + 0xc0):__OPTION_SETTING_S_Start
 *fill*         0x0100a290       0x30 ff
 *(.option_setting_bps_sel0)
 .option_setting_bps_sel0
                0x0100a2c0        0x4 ./ra/fsp/src/bsp/mcu/all/bsp_rom_registers.o
                0x0100a2c4                        . = PROJECT_SECURE_OR_FLAT?(__OPTION_SETTING_S_Start + 0xc4):__OPTION_SETTING_S_Start
 *(.option_setting_bps_sel1)
 .option_setting_bps_sel1
                0x0100a2c4        0x4 ./ra/fsp/src/bsp/mcu/all/bsp_rom_registers.o
                0x0100a2c8                        . = PROJECT_SECURE_OR_FLAT?(__OPTION_SETTING_S_Start + 0xc8):__OPTION_SETTING_S_Start
 *(.option_setting_bps_sel2)
 .option_setting_bps_sel2
                0x0100a2c8        0x4 ./ra/fsp/src/bsp/mcu/all/bsp_rom_registers.o
                0x0100a2cc                        . = PROJECT_SECURE_OR_FLAT?(__OPTION_SETTING_S_Start + 0xcc):__OPTION_SETTING_S_Start
 *(.option_setting_bps_sel3)
 .option_setting_bps_sel3
                0x0100a2cc        0x4 ./ra/fsp/src/bsp/mcu/all/bsp_rom_registers.o
                0x0100a2d0                        __OPTION_SETTING_S_End = .
                0x0100a2d0                        __tz_OPTION_SETTING_S_N = __OPTION_SETTING_S_End
OUTPUT(RA4M2_MINI_DEMO.elf elf32-littlearm)
LOAD linker stubs

.rel.dyn        0x0100a2d0        0x0
 .rel.iplt      0x0100a2d0        0x0 D:/Renesas/RA/e2studio_v2025-12_fsp_v6.4.0/toolchains/gcc_arm/13.2.rel1/bin/../lib/gcc/arm-none-eabi/13.2.1/thumb/v8-m.main+fp/hard/crtbegin.o

.ARM.attributes
                0x00000000       0x36
 .ARM.attributes
                0x00000000       0x26 D:/Renesas/RA/e2studio_v2025-12_fsp_v6.4.0/toolchains/gcc_arm/13.2.rel1/bin/../lib/gcc/arm-none-eabi/13.2.1/thumb/v8-m.main+fp/hard/crti.o
 .ARM.attributes
                0x00000026       0x38 D:/Renesas/RA/e2studio_v2025-12_fsp_v6.4.0/toolchains/gcc_arm/13.2.rel1/bin/../lib/gcc/arm-none-eabi/13.2.1/thumb/v8-m.main+fp/hard/crtbegin.o
 .ARM.attributes
                0x0000005e       0x3a ./src/hal_entry.o
 .ARM.attributes
                0x00000098       0x3a ./src/oled.o
 .ARM.attributes
                0x000000d2       0x3a ./ra_gen/common_data.o
 .ARM.attributes
                0x0000010c       0x3a ./ra_gen/main.o
 .ARM.attributes
                0x00000146       0x3a ./ra_gen/pin_data.o
 .ARM.attributes
                0x00000180       0x3a ./ra_gen/vector_data.o
 .ARM.attributes
                0x000001ba       0x3a ./ra/fsp/src/r_sci_uart/r_sci_uart.o
 .ARM.attributes
                0x000001f4       0x3a ./ra/fsp/src/r_rtc/r_rtc.o
 .ARM.attributes
                0x0000022e       0x3a ./ra/fsp/src/r_ioport/r_ioport.o
 .ARM.attributes
                0x00000268       0x3a ./ra/fsp/src/r_iic_master/r_iic_master.o
 .ARM.attributes
                0x000002a2       0x3a ./ra/fsp/src/bsp/mcu/all/bsp_clocks.o
 .ARM.attributes
                0x000002dc       0x3a ./ra/fsp/src/bsp/mcu/all/bsp_common.o
 .ARM.attributes
                0x00000316       0x3a ./ra/fsp/src/bsp/mcu/all/bsp_delay.o
 .ARM.attributes
                0x00000350       0x3a ./ra/fsp/src/bsp/mcu/all/bsp_group_irq.o
 .ARM.attributes
                0x0000038a       0x3a ./ra/fsp/src/bsp/mcu/all/bsp_io.o
 .ARM.attributes
                0x000003c4       0x3a ./ra/fsp/src/bsp/mcu/all/bsp_irq.o
 .ARM.attributes
                0x000003fe       0x3a ./ra/fsp/src/bsp/mcu/all/bsp_register_protection.o
 .ARM.attributes
                0x00000438       0x3a ./ra/fsp/src/bsp/mcu/all/bsp_rom_registers.o
 .ARM.attributes
                0x00000472       0x3a ./ra/fsp/src/bsp/mcu/all/bsp_sbrk.o
 .ARM.attributes
                0x000004ac       0x3a ./ra/fsp/src/bsp/cmsis/Device/RENESAS/Source/startup.o
 .ARM.attributes
                0x000004e6       0x3a ./ra/fsp/src/bsp/cmsis/Device/RENESAS/Source/system.o
 .ARM.attributes
                0x00000520       0x38 D:/Renesas/RA/e2studio_v2025-12_fsp_v6.4.0/toolchains/gcc_arm/13.2.rel1/bin/../lib/gcc/arm-none-eabi/13.2.1/thumb/v8-m.main+fp/hard\libg_nano.a(libc_a-nano-vfprintf_float.o)
 .ARM.attributes
                0x00000558       0x38 D:/Renesas/RA/e2studio_v2025-12_fsp_v6.4.0/toolchains/gcc_arm/13.2.rel1/bin/../lib/gcc/arm-none-eabi/13.2.1/thumb/v8-m.main+fp/hard\libg_nano.a(libc_a-nano-vfprintf_i.o)
 .ARM.attributes
                0x00000590       0x38 D:/Renesas/RA/e2studio_v2025-12_fsp_v6.4.0/toolchains/gcc_arm/13.2.rel1/bin/../lib/gcc/arm-none-eabi/13.2.1/thumb/v8-m.main+fp/hard\libg_nano.a(libc_a-findfp.o)
 .ARM.attributes
                0x000005c8       0x38 D:/Renesas/RA/e2studio_v2025-12_fsp_v6.4.0/toolchains/gcc_arm/13.2.rel1/bin/../lib/gcc/arm-none-eabi/13.2.1/thumb/v8-m.main+fp/hard\libg_nano.a(libc_a-memset.o)
 .ARM.attributes
                0x00000600       0x38 D:/Renesas/RA/e2studio_v2025-12_fsp_v6.4.0/toolchains/gcc_arm/13.2.rel1/bin/../lib/gcc/arm-none-eabi/13.2.1/thumb/v8-m.main+fp/hard\libg_nano.a(libc_a-localeconv.o)
 .ARM.attributes
                0x00000638       0x38 D:/Renesas/RA/e2studio_v2025-12_fsp_v6.4.0/toolchains/gcc_arm/13.2.rel1/bin/../lib/gcc/arm-none-eabi/13.2.1/thumb/v8-m.main+fp/hard\libg_nano.a(libc_a-reent.o)
 .ARM.attributes
                0x00000670       0x38 D:/Renesas/RA/e2studio_v2025-12_fsp_v6.4.0/toolchains/gcc_arm/13.2.rel1/bin/../lib/gcc/arm-none-eabi/13.2.1/thumb/v8-m.main+fp/hard\libg_nano.a(libc_a-impure.o)
 .ARM.attributes
                0x000006a8       0x38 D:/Renesas/RA/e2studio_v2025-12_fsp_v6.4.0/toolchains/gcc_arm/13.2.rel1/bin/../lib/gcc/arm-none-eabi/13.2.1/thumb/v8-m.main+fp/hard\libg_nano.a(libc_a-errno.o)
 .ARM.attributes
                0x000006e0       0x38 D:/Renesas/RA/e2studio_v2025-12_fsp_v6.4.0/toolchains/gcc_arm/13.2.rel1/bin/../lib/gcc/arm-none-eabi/13.2.1/thumb/v8-m.main+fp/hard\libg_nano.a(libc_a-lock.o)
 .ARM.attributes
                0x00000718       0x38 D:/Renesas/RA/e2studio_v2025-12_fsp_v6.4.0/toolchains/gcc_arm/13.2.rel1/bin/../lib/gcc/arm-none-eabi/13.2.1/thumb/v8-m.main+fp/hard\libg_nano.a(libc_a-memcpy-stub.o)
 .ARM.attributes
                0x00000750       0x24 D:/Renesas/RA/e2studio_v2025-12_fsp_v6.4.0/toolchains/gcc_arm/13.2.rel1/bin/../lib/gcc/arm-none-eabi/13.2.1/thumb/v8-m.main+fp/hard\libg_nano.a(libc_a-strlen.o)
 .ARM.attributes
                0x00000774       0x38 D:/Renesas/RA/e2studio_v2025-12_fsp_v6.4.0/toolchains/gcc_arm/13.2.rel1/bin/../lib/gcc/arm-none-eabi/13.2.1/thumb/v8-m.main+fp/hard\libg_nano.a(libc_a-dtoa.o)
 .ARM.attributes
                0x000007ac       0x38 D:/Renesas/RA/e2studio_v2025-12_fsp_v6.4.0/toolchains/gcc_arm/13.2.rel1/bin/../lib/gcc/arm-none-eabi/13.2.1/thumb/v8-m.main+fp/hard\libg_nano.a(libc_a-malloc.o)
 .ARM.attributes
                0x000007e4       0x38 D:/Renesas/RA/e2studio_v2025-12_fsp_v6.4.0/toolchains/gcc_arm/13.2.rel1/bin/../lib/gcc/arm-none-eabi/13.2.1/thumb/v8-m.main+fp/hard\libg_nano.a(libc_a-mallocr.o)
 .ARM.attributes
                0x0000081c       0x38 D:/Renesas/RA/e2studio_v2025-12_fsp_v6.4.0/toolchains/gcc_arm/13.2.rel1/bin/../lib/gcc/arm-none-eabi/13.2.1/thumb/v8-m.main+fp/hard\libg_nano.a(libc_a-mlock.o)
 .ARM.attributes
                0x00000854       0x38 D:/Renesas/RA/e2studio_v2025-12_fsp_v6.4.0/toolchains/gcc_arm/13.2.rel1/bin/../lib/gcc/arm-none-eabi/13.2.1/thumb/v8-m.main+fp/hard\libg_nano.a(libc_a-mprec.o)
 .ARM.attributes
                0x0000088c       0x38 D:/Renesas/RA/e2studio_v2025-12_fsp_v6.4.0/toolchains/gcc_arm/13.2.rel1/bin/../lib/gcc/arm-none-eabi/13.2.1/thumb/v8-m.main+fp/hard\libg_nano.a(libc_a-locale.o)
 .ARM.attributes
                0x000008c4       0x38 D:/Renesas/RA/e2studio_v2025-12_fsp_v6.4.0/toolchains/gcc_arm/13.2.rel1/bin/../lib/gcc/arm-none-eabi/13.2.1/thumb/v8-m.main+fp/hard\libg_nano.a(libc_a-sbrkr.o)
 .ARM.attributes
                0x000008fc       0x38 D:/Renesas/RA/e2studio_v2025-12_fsp_v6.4.0/toolchains/gcc_arm/13.2.rel1/bin/../lib/gcc/arm-none-eabi/13.2.1/thumb/v8-m.main+fp/hard\libg_nano.a(libc_a-callocr.o)
 .ARM.attributes
                0x00000934       0x38 D:/Renesas/RA/e2studio_v2025-12_fsp_v6.4.0/toolchains/gcc_arm/13.2.rel1/bin/../lib/gcc/arm-none-eabi/13.2.1/thumb/v8-m.main+fp/hard\libg_nano.a(libc_a-mbtowc_r.o)
 .ARM.attributes
                0x0000096c       0x38 D:/Renesas/RA/e2studio_v2025-12_fsp_v6.4.0/toolchains/gcc_arm/13.2.rel1/bin/../lib/gcc/arm-none-eabi/13.2.1/thumb/v8-m.main+fp/hard\libg_nano.a(libc_a-wctomb_r.o)
 .ARM.attributes
                0x000009a4       0x38 D:/Renesas/RA/e2studio_v2025-12_fsp_v6.4.0/toolchains/gcc_arm/13.2.rel1/bin/../lib/gcc/arm-none-eabi/13.2.1/thumb/v8-m.main+fp/hard\libg_nano.a(libc_a-ctype_.o)
 .ARM.attributes
                0x000009dc       0x26 D:/Renesas/RA/e2studio_v2025-12_fsp_v6.4.0/toolchains/gcc_arm/13.2.rel1/bin/../lib/gcc/arm-none-eabi/13.2.1/thumb/v8-m.main+fp/hard\libgcc.a(_arm_addsubdf3.o)
 .ARM.attributes
                0x00000a02       0x26 D:/Renesas/RA/e2studio_v2025-12_fsp_v6.4.0/toolchains/gcc_arm/13.2.rel1/bin/../lib/gcc/arm-none-eabi/13.2.1/thumb/v8-m.main+fp/hard\libgcc.a(_arm_muldivdf3.o)
 .ARM.attributes
                0x00000a28       0x26 D:/Renesas/RA/e2studio_v2025-12_fsp_v6.4.0/toolchains/gcc_arm/13.2.rel1/bin/../lib/gcc/arm-none-eabi/13.2.1/thumb/v8-m.main+fp/hard\libgcc.a(_arm_cmpdf2.o)
 .ARM.attributes
                0x00000a4e       0x26 D:/Renesas/RA/e2studio_v2025-12_fsp_v6.4.0/toolchains/gcc_arm/13.2.rel1/bin/../lib/gcc/arm-none-eabi/13.2.1/thumb/v8-m.main+fp/hard\libgcc.a(_arm_unorddf2.o)
 .ARM.attributes
                0x00000a74       0x26 D:/Renesas/RA/e2studio_v2025-12_fsp_v6.4.0/toolchains/gcc_arm/13.2.rel1/bin/../lib/gcc/arm-none-eabi/13.2.1/thumb/v8-m.main+fp/hard\libgcc.a(_arm_fixdfsi.o)
 .ARM.attributes
                0x00000a9a       0x38 D:/Renesas/RA/e2studio_v2025-12_fsp_v6.4.0/toolchains/gcc_arm/13.2.rel1/bin/../lib/gcc/arm-none-eabi/13.2.1/thumb/v8-m.main+fp/hard/crtend.o
 .ARM.attributes
                0x00000ad2       0x26 D:/Renesas/RA/e2studio_v2025-12_fsp_v6.4.0/toolchains/gcc_arm/13.2.rel1/bin/../lib/gcc/arm-none-eabi/13.2.1/thumb/v8-m.main+fp/hard/crtn.o

.comment        0x00000000       0x44
 .comment       0x00000000       0x44 ./src/hal_entry.o
                                 0x45 (size before relaxing)
 .comment       0x00000044       0x45 ./src/oled.o
 .comment       0x00000044       0x45 ./ra_gen/common_data.o
 .comment       0x00000044       0x45 ./ra_gen/main.o
 .comment       0x00000044       0x45 ./ra_gen/pin_data.o
 .comment       0x00000044       0x45 ./ra_gen/vector_data.o
 .comment       0x00000044       0x45 ./ra/fsp/src/r_sci_uart/r_sci_uart.o
 .comment       0x00000044       0x45 ./ra/fsp/src/r_rtc/r_rtc.o
 .comment       0x00000044       0x45 ./ra/fsp/src/r_ioport/r_ioport.o
 .comment       0x00000044       0x45 ./ra/fsp/src/r_iic_master/r_iic_master.o
 .comment       0x00000044       0x45 ./ra/fsp/src/bsp/mcu/all/bsp_clocks.o
 .comment       0x00000044       0x45 ./ra/fsp/src/bsp/mcu/all/bsp_common.o
 .comment       0x00000044       0x45 ./ra/fsp/src/bsp/mcu/all/bsp_delay.o
 .comment       0x00000044       0x45 ./ra/fsp/src/bsp/mcu/all/bsp_group_irq.o
 .comment       0x00000044       0x45 ./ra/fsp/src/bsp/mcu/all/bsp_io.o
 .comment       0x00000044       0x45 ./ra/fsp/src/bsp/mcu/all/bsp_irq.o
 .comment       0x00000044       0x45 ./ra/fsp/src/bsp/mcu/all/bsp_register_protection.o
 .comment       0x00000044       0x45 ./ra/fsp/src/bsp/mcu/all/bsp_rom_registers.o
 .comment       0x00000044       0x45 ./ra/fsp/src/bsp/mcu/all/bsp_sbrk.o
 .comment       0x00000044       0x45 ./ra/fsp/src/bsp/cmsis/Device/RENESAS/Source/startup.o
 .comment       0x00000044       0x45 ./ra/fsp/src/bsp/cmsis/Device/RENESAS/Source/system.o

.debug_info     0x00000000    0x34354
 .debug_info    0x00000000     0x1d7a ./src/hal_entry.o
 .debug_info    0x00001d7a     0x3e9d ./src/oled.o
 .debug_info    0x00005c17     0x1226 ./ra_gen/common_data.o
 .debug_info    0x00006e3d       0xb1 ./ra_gen/main.o
 .debug_info    0x00006eee      0xa31 ./ra_gen/pin_data.o
 .debug_info    0x0000791f      0x6de ./ra_gen/vector_data.o
 .debug_info    0x00007ffd     0xa0cb ./ra/fsp/src/r_sci_uart/r_sci_uart.o
 .debug_info    0x000120c8     0x467c ./ra/fsp/src/r_rtc/r_rtc.o
 .debug_info    0x00016744     0x76ce ./ra/fsp/src/r_ioport/r_ioport.o
 .debug_info    0x0001de12     0x857d ./ra/fsp/src/r_iic_master/r_iic_master.o
 .debug_info    0x0002638f     0x551f ./ra/fsp/src/bsp/mcu/all/bsp_clocks.o
 .debug_info    0x0002b8ae      0x93b ./ra/fsp/src/bsp/mcu/all/bsp_common.o
 .debug_info    0x0002c1e9      0x1e2 ./ra/fsp/src/bsp/mcu/all/bsp_delay.o
 .debug_info    0x0002c3cb     0x132f ./ra/fsp/src/bsp/mcu/all/bsp_group_irq.o
 .debug_info    0x0002d6fa       0xb2 ./ra/fsp/src/bsp/mcu/all/bsp_io.o
 .debug_info    0x0002d7ac     0x1e0e ./ra/fsp/src/bsp/mcu/all/bsp_irq.o
 .debug_info    0x0002f5ba     0x390c ./ra/fsp/src/bsp/mcu/all/bsp_register_protection.o
 .debug_info    0x00032ec6      0x1b8 ./ra/fsp/src/bsp/mcu/all/bsp_rom_registers.o
 .debug_info    0x0003307e      0x142 ./ra/fsp/src/bsp/mcu/all/bsp_sbrk.o
 .debug_info    0x000331c0      0x188 ./ra/fsp/src/bsp/cmsis/Device/RENESAS/Source/startup.o
 .debug_info    0x00033348     0x100c ./ra/fsp/src/bsp/cmsis/Device/RENESAS/Source/system.o

.debug_abbrev   0x00000000     0x35d9
 .debug_abbrev  0x00000000      0x3a9 ./src/hal_entry.o
 .debug_abbrev  0x000003a9      0x4b2 ./src/oled.o
 .debug_abbrev  0x0000085b      0x133 ./ra_gen/common_data.o
 .debug_abbrev  0x0000098e       0x61 ./ra_gen/main.o
 .debug_abbrev  0x000009ef       0xff ./ra_gen/pin_data.o
 .debug_abbrev  0x00000aee       0xbe ./ra_gen/vector_data.o
 .debug_abbrev  0x00000bac      0x5e5 ./ra/fsp/src/r_sci_uart/r_sci_uart.o
 .debug_abbrev  0x00001191      0x618 ./ra/fsp/src/r_rtc/r_rtc.o
 .debug_abbrev  0x000017a9      0x4a6 ./ra/fsp/src/r_ioport/r_ioport.o
 .debug_abbrev  0x00001c4f      0x61b ./ra/fsp/src/r_iic_master/r_iic_master.o
 .debug_abbrev  0x0000226a      0x40a ./ra/fsp/src/bsp/mcu/all/bsp_clocks.o
 .debug_abbrev  0x00002674      0x188 ./ra/fsp/src/bsp/mcu/all/bsp_common.o
 .debug_abbrev  0x000027fc      0x113 ./ra/fsp/src/bsp/mcu/all/bsp_delay.o
 .debug_abbrev  0x0000290f      0x256 ./ra/fsp/src/bsp/mcu/all/bsp_group_irq.o
 .debug_abbrev  0x00002b65       0x5e ./ra/fsp/src/bsp/mcu/all/bsp_io.o
 .debug_abbrev  0x00002bc3      0x29b ./ra/fsp/src/bsp/mcu/all/bsp_irq.o
 .debug_abbrev  0x00002e5e      0x27d ./ra/fsp/src/bsp/mcu/all/bsp_register_protection.o
 .debug_abbrev  0x000030db       0x4e ./ra/fsp/src/bsp/mcu/all/bsp_rom_registers.o
 .debug_abbrev  0x00003129       0xce ./ra/fsp/src/bsp/mcu/all/bsp_sbrk.o
 .debug_abbrev  0x000031f7       0xf7 ./ra/fsp/src/bsp/cmsis/Device/RENESAS/Source/startup.o
 .debug_abbrev  0x000032ee      0x2eb ./ra/fsp/src/bsp/cmsis/Device/RENESAS/Source/system.o

.debug_loclists
                0x00000000     0x5bf7
 .debug_loclists
                0x00000000      0xc0f ./src/hal_entry.o
 .debug_loclists
                0x00000c0f     0x1a64 ./src/oled.o
 .debug_loclists
                0x00002673      0xe24 ./ra/fsp/src/r_sci_uart/r_sci_uart.o
 .debug_loclists
                0x00003497      0xc65 ./ra/fsp/src/r_rtc/r_rtc.o
 .debug_loclists
                0x000040fc      0x7c8 ./ra/fsp/src/r_ioport/r_ioport.o
 .debug_loclists
                0x000048c4      0xc96 ./ra/fsp/src/r_iic_master/r_iic_master.o
 .debug_loclists
                0x0000555a      0x23f ./ra/fsp/src/bsp/mcu/all/bsp_clocks.o
 .debug_loclists
                0x00005799       0x20 ./ra/fsp/src/bsp/mcu/all/bsp_common.o
 .debug_loclists
                0x000057b9      0x11c ./ra/fsp/src/bsp/mcu/all/bsp_delay.o
 .debug_loclists
                0x000058d5       0x73 ./ra/fsp/src/bsp/mcu/all/bsp_group_irq.o
 .debug_loclists
                0x00005948       0x99 ./ra/fsp/src/bsp/mcu/all/bsp_irq.o
 .debug_loclists
                0x000059e1       0xa7 ./ra/fsp/src/bsp/mcu/all/bsp_register_protection.o
 .debug_loclists
                0x00005a88       0xbd ./ra/fsp/src/bsp/mcu/all/bsp_sbrk.o
 .debug_loclists
                0x00005b45       0xb2 ./ra/fsp/src/bsp/cmsis/Device/RENESAS/Source/system.o

.debug_aranges  0x00000000      0x5b8
 .debug_aranges
                0x00000000       0x48 ./src/hal_entry.o
 .debug_aranges
                0x00000048       0xd8 ./src/oled.o
 .debug_aranges
                0x00000120       0x20 ./ra_gen/common_data.o
 .debug_aranges
                0x00000140       0x20 ./ra_gen/main.o
 .debug_aranges
                0x00000160       0x18 ./ra_gen/pin_data.o
 .debug_aranges
                0x00000178       0x18 ./ra_gen/vector_data.o
 .debug_aranges
                0x00000190       0x90 ./ra/fsp/src/r_sci_uart/r_sci_uart.o
 .debug_aranges
                0x00000220       0xa0 ./ra/fsp/src/r_rtc/r_rtc.o
 .debug_aranges
                0x000002c0       0x90 ./ra/fsp/src/r_ioport/r_ioport.o
 .debug_aranges
                0x00000350       0x90 ./ra/fsp/src/r_iic_master/r_iic_master.o
 .debug_aranges
                0x000003e0       0x70 ./ra/fsp/src/bsp/mcu/all/bsp_clocks.o
 .debug_aranges
                0x00000450       0x30 ./ra/fsp/src/bsp/mcu/all/bsp_common.o
 .debug_aranges
                0x00000480       0x28 ./ra/fsp/src/bsp/mcu/all/bsp_delay.o
 .debug_aranges
                0x000004a8       0x28 ./ra/fsp/src/bsp/mcu/all/bsp_group_irq.o
 .debug_aranges
                0x000004d0       0x18 ./ra/fsp/src/bsp/mcu/all/bsp_io.o
 .debug_aranges
                0x000004e8       0x20 ./ra/fsp/src/bsp/mcu/all/bsp_irq.o
 .debug_aranges
                0x00000508       0x28 ./ra/fsp/src/bsp/mcu/all/bsp_register_protection.o
 .debug_aranges
                0x00000530       0x18 ./ra/fsp/src/bsp/mcu/all/bsp_rom_registers.o
 .debug_aranges
                0x00000548       0x20 ./ra/fsp/src/bsp/mcu/all/bsp_sbrk.o
 .debug_aranges
                0x00000568       0x28 ./ra/fsp/src/bsp/cmsis/Device/RENESAS/Source/startup.o
 .debug_aranges
                0x00000590       0x28 ./ra/fsp/src/bsp/cmsis/Device/RENESAS/Source/system.o

.debug_rnglists
                0x00000000      0xdfc
 .debug_rnglists
                0x00000000      0x1c7 ./src/hal_entry.o
 .debug_rnglists
                0x000001c7      0x230 ./src/oled.o
 .debug_rnglists
                0x000003f7       0x13 ./ra_gen/common_data.o
 .debug_rnglists
                0x0000040a       0x13 ./ra_gen/main.o
 .debug_rnglists
                0x0000041d      0x260 ./ra/fsp/src/r_sci_uart/r_sci_uart.o
 .debug_rnglists
                0x0000067d      0x1a7 ./ra/fsp/src/r_rtc/r_rtc.o
 .debug_rnglists
                0x00000824       0xbc ./ra/fsp/src/r_ioport/r_ioport.o
 .debug_rnglists
                0x000008e0      0x30b ./ra/fsp/src/r_iic_master/r_iic_master.o
 .debug_rnglists
                0x00000beb       0xba ./ra/fsp/src/bsp/mcu/all/bsp_clocks.o
 .debug_rnglists
                0x00000ca5       0x1f ./ra/fsp/src/bsp/mcu/all/bsp_common.o
 .debug_rnglists
                0x00000cc4       0x2e ./ra/fsp/src/bsp/mcu/all/bsp_delay.o
 .debug_rnglists
                0x00000cf2       0x37 ./ra/fsp/src/bsp/mcu/all/bsp_group_irq.o
 .debug_rnglists
                0x00000d29       0x41 ./ra/fsp/src/bsp/mcu/all/bsp_irq.o
 .debug_rnglists
                0x00000d6a       0x31 ./ra/fsp/src/bsp/mcu/all/bsp_register_protection.o
 .debug_rnglists
                0x00000d9b       0x13 ./ra/fsp/src/bsp/mcu/all/bsp_sbrk.o
 .debug_rnglists
                0x00000dae       0x19 ./ra/fsp/src/bsp/cmsis/Device/RENESAS/Source/startup.o
 .debug_rnglists
                0x00000dc7       0x35 ./ra/fsp/src/bsp/cmsis/Device/RENESAS/Source/system.o

.debug_line     0x00000000     0xa474
 .debug_line    0x00000000      0xad6 ./src/hal_entry.o
 .debug_line    0x00000ad6     0x19b9 ./src/oled.o
 .debug_line    0x0000248f      0x27d ./ra_gen/common_data.o
 .debug_line    0x0000270c       0x5e ./ra_gen/main.o
 .debug_line    0x0000276a      0x1fa ./ra_gen/pin_data.o
 .debug_line    0x00002964      0x11a ./ra_gen/vector_data.o
 .debug_line    0x00002a7e     0x18d8 ./ra/fsp/src/r_sci_uart/r_sci_uart.o
 .debug_line    0x00004356     0x1738 ./ra/fsp/src/r_rtc/r_rtc.o
 .debug_line    0x00005a8e      0xae8 ./ra/fsp/src/r_ioport/r_ioport.o
 .debug_line    0x00006576     0x1966 ./ra/fsp/src/r_iic_master/r_iic_master.o
 .debug_line    0x00007edc      0x83e ./ra/fsp/src/bsp/mcu/all/bsp_clocks.o
 .debug_line    0x0000871a      0x291 ./ra/fsp/src/bsp/mcu/all/bsp_common.o
 .debug_line    0x000089ab      0x29b ./ra/fsp/src/bsp/mcu/all/bsp_delay.o
 .debug_line    0x00008c46      0x2f4 ./ra/fsp/src/bsp/mcu/all/bsp_group_irq.o
 .debug_line    0x00008f3a      0x176 ./ra/fsp/src/bsp/mcu/all/bsp_io.o
 .debug_line    0x000090b0      0x500 ./ra/fsp/src/bsp/mcu/all/bsp_irq.o
 .debug_line    0x000095b0      0x3aa ./ra/fsp/src/bsp/mcu/all/bsp_register_protection.o
 .debug_line    0x0000995a      0x137 ./ra/fsp/src/bsp/mcu/all/bsp_rom_registers.o
 .debug_line    0x00009a91      0x1ce ./ra/fsp/src/bsp/mcu/all/bsp_sbrk.o
 .debug_line    0x00009c5f      0x1e2 ./ra/fsp/src/bsp/cmsis/Device/RENESAS/Source/startup.o
 .debug_line    0x00009e41      0x633 ./ra/fsp/src/bsp/cmsis/Device/RENESAS/Source/system.o

.debug_str      0x00000000     0xcccf
 .debug_str     0x00000000     0xcccf ./src/hal_entry.o
                               0x3b1b (size before relaxing)
 .debug_str     0x0000cccf     0x338b ./src/oled.o
 .debug_str     0x0000cccf     0x332c ./ra_gen/common_data.o
 .debug_str     0x0000cccf      0x1d4 ./ra_gen/main.o
 .debug_str     0x0000cccf     0x1da4 ./ra_gen/pin_data.o
 .debug_str     0x0000cccf     0x17a9 ./ra_gen/vector_data.o
 .debug_str     0x0000cccf     0x6d68 ./ra/fsp/src/r_sci_uart/r_sci_uart.o
 .debug_str     0x0000cccf     0x3502 ./ra/fsp/src/r_rtc/r_rtc.o
 .debug_str     0x0000cccf     0x5c86 ./ra/fsp/src/r_ioport/r_ioport.o
 .debug_str     0x0000cccf     0x4f39 ./ra/fsp/src/r_iic_master/r_iic_master.o
 .debug_str     0x0000cccf     0x26fa ./ra/fsp/src/bsp/mcu/all/bsp_clocks.o
 .debug_str     0x0000cccf     0x1c21 ./ra/fsp/src/bsp/mcu/all/bsp_common.o
 .debug_str     0x0000cccf      0x2fd ./ra/fsp/src/bsp/mcu/all/bsp_delay.o
 .debug_str     0x0000cccf     0x2188 ./ra/fsp/src/bsp/mcu/all/bsp_group_irq.o
 .debug_str     0x0000cccf      0x1fd ./ra/fsp/src/bsp/mcu/all/bsp_io.o
 .debug_str     0x0000cccf     0x2143 ./ra/fsp/src/bsp/mcu/all/bsp_irq.o
 .debug_str     0x0000cccf     0x1b60 ./ra/fsp/src/bsp/mcu/all/bsp_register_protection.o
 .debug_str     0x0000cccf      0x331 ./ra/fsp/src/bsp/mcu/all/bsp_rom_registers.o
 .debug_str     0x0000cccf      0x25e ./ra/fsp/src/bsp/mcu/all/bsp_sbrk.o
 .debug_str     0x0000cccf      0x26c ./ra/fsp/src/bsp/cmsis/Device/RENESAS/Source/startup.o
 .debug_str     0x0000cccf      0x96f ./ra/fsp/src/bsp/cmsis/Device/RENESAS/Source/system.o

.debug_frame    0x00000000     0x17fc
 .debug_frame   0x00000000       0xa0 ./src/hal_entry.o
 .debug_frame   0x000000a0      0x338 ./src/oled.o
 .debug_frame   0x000003d8       0x20 ./ra_gen/common_data.o
 .debug_frame   0x000003f8       0x28 ./ra_gen/main.o
 .debug_frame   0x00000420      0x1c8 ./ra/fsp/src/r_sci_uart/r_sci_uart.o
 .debug_frame   0x000005e8      0x1ac ./ra/fsp/src/r_rtc/r_rtc.o
 .debug_frame   0x00000794      0x17c ./ra/fsp/src/r_ioport/r_ioport.o
 .debug_frame   0x00000910      0x1a0 ./ra/fsp/src/r_iic_master/r_iic_master.o
 .debug_frame   0x00000ab0       0xfc ./ra/fsp/src/bsp/mcu/all/bsp_clocks.o
 .debug_frame   0x00000bac       0x40 ./ra/fsp/src/bsp/mcu/all/bsp_common.o
 .debug_frame   0x00000bec       0x48 ./ra/fsp/src/bsp/mcu/all/bsp_delay.o
 .debug_frame   0x00000c34       0x3c ./ra/fsp/src/bsp/mcu/all/bsp_group_irq.o
 .debug_frame   0x00000c70       0x34 ./ra/fsp/src/bsp/mcu/all/bsp_irq.o
 .debug_frame   0x00000ca4       0x48 ./ra/fsp/src/bsp/mcu/all/bsp_register_protection.o
 .debug_frame   0x00000cec       0x28 ./ra/fsp/src/bsp/mcu/all/bsp_sbrk.o
 .debug_frame   0x00000d14       0x38 ./ra/fsp/src/bsp/cmsis/Device/RENESAS/Source/startup.o
 .debug_frame   0x00000d4c       0x44 ./ra/fsp/src/bsp/cmsis/Device/RENESAS/Source/system.o
 .debug_frame   0x00000d90       0x90 D:/Renesas/RA/e2studio_v2025-12_fsp_v6.4.0/toolchains/gcc_arm/13.2.rel1/bin/../lib/gcc/arm-none-eabi/13.2.1/thumb/v8-m.main+fp/hard\libg_nano.a(libc_a-nano-vfprintf_float.o)
 .debug_frame   0x00000e20       0x60 D:/Renesas/RA/e2studio_v2025-12_fsp_v6.4.0/toolchains/gcc_arm/13.2.rel1/bin/../lib/gcc/arm-none-eabi/13.2.1/thumb/v8-m.main+fp/hard\libg_nano.a(libc_a-nano-vfprintf_i.o)
 .debug_frame   0x00000e80      0x144 D:/Renesas/RA/e2studio_v2025-12_fsp_v6.4.0/toolchains/gcc_arm/13.2.rel1/bin/../lib/gcc/arm-none-eabi/13.2.1/thumb/v8-m.main+fp/hard\libg_nano.a(libc_a-findfp.o)